Archive member included to satisfy reference by file (symbol)

c:/siliconlabs/simplicitystudio/v5/developer/toolchains/gnu_arm/10.3_2021.10/bin/../lib/gcc/arm-none-eabi/10.3.1/thumb/v8-m.main+fp/hard\libgcc.a(_aeabi_ldivmod.o)
                              ./gecko_sdk_4.1.0/platform/emlib/src/em_usart.o (__aeabi_ldivmod)
c:/siliconlabs/simplicitystudio/v5/developer/toolchains/gnu_arm/10.3_2021.10/bin/../lib/gcc/arm-none-eabi/10.3.1/thumb/v8-m.main+fp/hard\libgcc.a(_aeabi_uldivmod.o)
                              ./gecko_sdk_4.1.0/platform/emlib/src/em_usart.o (__aeabi_uldivmod)
c:/siliconlabs/simplicitystudio/v5/developer/toolchains/gnu_arm/10.3_2021.10/bin/../lib/gcc/arm-none-eabi/10.3.1/thumb/v8-m.main+fp/hard\libgcc.a(_udivmoddi4.o)
                              c:/siliconlabs/simplicitystudio/v5/developer/toolchains/gnu_arm/10.3_2021.10/bin/../lib/gcc/arm-none-eabi/10.3.1/thumb/v8-m.main+fp/hard\libgcc.a(_aeabi_ldivmod.o) (__udivmoddi4)
c:/siliconlabs/simplicitystudio/v5/developer/toolchains/gnu_arm/10.3_2021.10/bin/../lib/gcc/arm-none-eabi/10.3.1/thumb/v8-m.main+fp/hard\libgcc.a(_dvmd_tls.o)
                              c:/siliconlabs/simplicitystudio/v5/developer/toolchains/gnu_arm/10.3_2021.10/bin/../lib/gcc/arm-none-eabi/10.3.1/thumb/v8-m.main+fp/hard\libgcc.a(_aeabi_ldivmod.o) (__aeabi_ldiv0)
c:/siliconlabs/simplicitystudio/v5/developer/toolchains/gnu_arm/10.3_2021.10/bin/../lib/gcc/arm-none-eabi/10.3.1/../../../../arm-none-eabi/lib/thumb/v8-m.main+fp/hard\libc_nano.a(lib_a-exit.o)
                              c:/siliconlabs/simplicitystudio/v5/developer/toolchains/gnu_arm/10.3_2021.10/bin/../lib/gcc/arm-none-eabi/10.3.1/../../../../arm-none-eabi/lib/thumb/v8-m.main+fp/hard/crt0.o (exit)
c:/siliconlabs/simplicitystudio/v5/developer/toolchains/gnu_arm/10.3_2021.10/bin/../lib/gcc/arm-none-eabi/10.3.1/../../../../arm-none-eabi/lib/thumb/v8-m.main+fp/hard\libc_nano.a(lib_a-impure.o)
                              c:/siliconlabs/simplicitystudio/v5/developer/toolchains/gnu_arm/10.3_2021.10/bin/../lib/gcc/arm-none-eabi/10.3.1/../../../../arm-none-eabi/lib/thumb/v8-m.main+fp/hard\libc_nano.a(lib_a-exit.o) (_global_impure_ptr)
c:/siliconlabs/simplicitystudio/v5/developer/toolchains/gnu_arm/10.3_2021.10/bin/../lib/gcc/arm-none-eabi/10.3.1/../../../../arm-none-eabi/lib/thumb/v8-m.main+fp/hard\libc_nano.a(lib_a-init.o)
                              c:/siliconlabs/simplicitystudio/v5/developer/toolchains/gnu_arm/10.3_2021.10/bin/../lib/gcc/arm-none-eabi/10.3.1/../../../../arm-none-eabi/lib/thumb/v8-m.main+fp/hard/crt0.o (__libc_init_array)
c:/siliconlabs/simplicitystudio/v5/developer/toolchains/gnu_arm/10.3_2021.10/bin/../lib/gcc/arm-none-eabi/10.3.1/../../../../arm-none-eabi/lib/thumb/v8-m.main+fp/hard\libc_nano.a(lib_a-memset.o)
                              c:/siliconlabs/simplicitystudio/v5/developer/toolchains/gnu_arm/10.3_2021.10/bin/../lib/gcc/arm-none-eabi/10.3.1/../../../../arm-none-eabi/lib/thumb/v8-m.main+fp/hard/crt0.o (memset)
c:/siliconlabs/simplicitystudio/v5/developer/toolchains/gnu_arm/10.3_2021.10/bin/../lib/gcc/arm-none-eabi/10.3.1/../../../../arm-none-eabi/lib/thumb/v8-m.main+fp/hard\libc_nano.a(lib_a-setvbuf.o)
                              ./gecko_sdk_4.1.0/platform/service/iostream/src/sl_iostream_stdlib_config.o (setvbuf)
c:/siliconlabs/simplicitystudio/v5/developer/toolchains/gnu_arm/10.3_2021.10/bin/../lib/gcc/arm-none-eabi/10.3.1/../../../../arm-none-eabi/lib/thumb/v8-m.main+fp/hard\libc_nano.a(lib_a-strcmp.o)
                              ./autogen/sl_iostream_handles.o (strcmp)
c:/siliconlabs/simplicitystudio/v5/developer/toolchains/gnu_arm/10.3_2021.10/bin/../lib/gcc/arm-none-eabi/10.3.1/../../../../arm-none-eabi/lib/thumb/v8-m.main+fp/hard\libc_nano.a(lib_a-vprintf.o)
                              ./gecko_sdk_4.1.0/platform/service/iostream/src/sl_iostream.o (vprintf)
c:/siliconlabs/simplicitystudio/v5/developer/toolchains/gnu_arm/10.3_2021.10/bin/../lib/gcc/arm-none-eabi/10.3.1/../../../../arm-none-eabi/lib/thumb/v8-m.main+fp/hard\libc_nano.a(lib_a-fflush.o)
                              c:/siliconlabs/simplicitystudio/v5/developer/toolchains/gnu_arm/10.3_2021.10/bin/../lib/gcc/arm-none-eabi/10.3.1/../../../../arm-none-eabi/lib/thumb/v8-m.main+fp/hard\libc_nano.a(lib_a-setvbuf.o) (_fflush_r)
c:/siliconlabs/simplicitystudio/v5/developer/toolchains/gnu_arm/10.3_2021.10/bin/../lib/gcc/arm-none-eabi/10.3.1/../../../../arm-none-eabi/lib/thumb/v8-m.main+fp/hard\libc_nano.a(lib_a-findfp.o)
                              c:/siliconlabs/simplicitystudio/v5/developer/toolchains/gnu_arm/10.3_2021.10/bin/../lib/gcc/arm-none-eabi/10.3.1/../../../../arm-none-eabi/lib/thumb/v8-m.main+fp/hard\libc_nano.a(lib_a-setvbuf.o) (__sinit)
c:/siliconlabs/simplicitystudio/v5/developer/toolchains/gnu_arm/10.3_2021.10/bin/../lib/gcc/arm-none-eabi/10.3.1/../../../../arm-none-eabi/lib/thumb/v8-m.main+fp/hard\libc_nano.a(lib_a-fwalk.o)
[...]
Memory Configuration

Name             Origin             Length             Attributes
FLASH            0x00000000         0x0007e000         xr
RAM              0x20000000         0x00008000         xrw
*default*        0x00000000         0xffffffff

Linker script and memory map

LOAD c:/siliconlabs/simplicitystudio/v5/developer/toolchains/gnu_arm/10.3_2021.10/bin/../lib/gcc/arm-none-eabi/10.3.1/thumb/v8-m.main+fp/hard/crti.o
LOAD c:/siliconlabs/simplicitystudio/v5/developer/toolchains/gnu_arm/10.3_2021.10/bin/../lib/gcc/arm-none-eabi/10.3.1/thumb/v8-m.main+fp/hard/crtbegin.o
LOAD c:/siliconlabs/simplicitystudio/v5/developer/toolchains/gnu_arm/10.3_2021.10/bin/../lib/gcc/arm-none-eabi/10.3.1/../../../../arm-none-eabi/lib/thumb/v8-m.main+fp/hard/crt0.o
START GROUP
LOAD ./app.o
LOAD ./main.o
LOAD ./autogen/sl_board_default_init.o
LOAD ./autogen/sl_device_init_clocks.o
LOAD ./autogen/sl_event_handler.o
LOAD ./autogen/sl_iostream_handles.o
LOAD ./autogen/sl_iostream_init_usart_instances.o
LOAD ./gecko_sdk_4.1.0/app/common/util/app_log/app_log.o
LOAD ./gecko_sdk_4.1.0/hardware/board/src/sl_board_control_gpio.o
LOAD ./gecko_sdk_4.1.0/hardware/board/src/sl_board_init.o
LOAD ./gecko_sdk_4.1.0/platform/Device/SiliconLabs/BGM22/Source/startup_bgm22.o
LOAD ./gecko_sdk_4.1.0/platform/Device/SiliconLabs/BGM22/Source/system_bgm22.o
LOAD ./gecko_sdk_4.1.0/platform/common/src/sl_assert.o
LOAD ./gecko_sdk_4.1.0/platform/common/toolchain/src/sl_memory.o
LOAD ./gecko_sdk_4.1.0/platform/emlib/src/em_cmu.o
LOAD ./gecko_sdk_4.1.0/platform/emlib/src/em_core.o
LOAD ./gecko_sdk_4.1.0/platform/emlib/src/em_emu.o
LOAD ./gecko_sdk_4.1.0/platform/emlib/src/em_gpio.o
LOAD ./gecko_sdk_4.1.0/platform/emlib/src/em_msc.o
LOAD ./gecko_sdk_4.1.0/platform/emlib/src/em_system.o
LOAD ./gecko_sdk_4.1.0/platform/emlib/src/em_timer.o
LOAD ./gecko_sdk_4.1.0/platform/emlib/src/em_usart.o
LOAD ./gecko_sdk_4.1.0/platform/service/device_init/src/sl_device_init_dcdc_s2.o
LOAD ./gecko_sdk_4.1.0/platform/service/device_init/src/sl_device_init_emu_s2.o
LOAD ./gecko_sdk_4.1.0/platform/service/device_init/src/sl_device_init_hfxo_s2.o
LOAD ./gecko_sdk_4.1.0/platform/service/device_init/src/sl_device_init_lfxo_s2.o
LOAD ./gecko_sdk_4.1.0/platform/service/device_init/src/sl_device_init_nvic.o
LOAD ./gecko_sdk_4.1.0/platform/service/iostream/src/sl_iostream.o
LOAD ./gecko_sdk_4.1.0/platform/service/iostream/src/sl_iostream_retarget_stdio.o
LOAD ./gecko_sdk_4.1.0/platform/service/iostream/src/sl_iostream_stdlib_config.o
LOAD ./gecko_sdk_4.1.0/platform/service/iostream/src/sl_iostream_uart.o
LOAD ./gecko_sdk_4.1.0/platform/service/iostream/src/sl_iostream_usart.o
LOAD ./gecko_sdk_4.1.0/platform/service/system/src/sl_system_init.o
LOAD ./gecko_sdk_4.1.0/platform/service/system/src/sl_system_process_action.o
LOAD c:/siliconlabs/simplicitystudio/v5/developer/toolchains/gnu_arm/10.3_2021.10/bin/../lib/gcc/arm-none-eabi/10.3.1/thumb/v8-m.main+fp/hard\libgcc.a
LOAD c:/siliconlabs/simplicitystudio/v5/developer/toolchains/gnu_arm/10.3_2021.10/bin/../lib/gcc/arm-none-eabi/10.3.1/../../../../arm-none-eabi/lib/thumb/v8-m.main+fp/hard\libc_nano.a
LOAD c:/siliconlabs/simplicitystudio/v5/developer/toolchains/gnu_arm/10.3_2021.10/bin/../lib/gcc/arm-none-eabi/10.3.1/../../../../arm-none-eabi/lib/thumb/v8-m.main+fp/hard\libm.a
LOAD c:/siliconlabs/simplicitystudio/v5/developer/toolchains/gnu_arm/10.3_2021.10/bin/../lib/gcc/arm-none-eabi/10.3.1/../../../../arm-none-eabi/lib/thumb/v8-m.main+fp/hard\libnosys.a
END GROUP
START GROUP
LOAD c:/siliconlabs/simplicitystudio/v5/developer/toolchains/gnu_arm/10.3_2021.10/bin/../lib/gcc/arm-none-eabi/10.3.1/thumb/v8-m.main+fp/hard\libgcc.a
LOAD c:/siliconlabs/simplicitystudio/v5/developer/toolchains/gnu_arm/10.3_2021.10/bin/../lib/gcc/arm-none-eabi/10.3.1/../../../../arm-none-eabi/lib/thumb/v8-m.main+fp/hard\libc_nano.a
LOAD c:/siliconlabs/simplicitystudio/v5/developer/toolchains/gnu_arm/10.3_2021.10/bin/../lib/gcc/arm-none-eabi/10.3.1/../../../../arm-none-eabi/lib/thumb/v8-m.main+fp/hard\libnosys.a
END GROUP
START GROUP
LOAD c:/siliconlabs/simplicitystudio/v5/developer/toolchains/gnu_arm/10.3_2021.10/bin/../lib/gcc/arm-none-eabi/10.3.1/thumb/v8-m.main+fp/hard\libgcc.a
LOAD c:/siliconlabs/simplicitystudio/v5/developer/toolchains/gnu_arm/10.3_2021.10/bin/../lib/gcc/arm-none-eabi/10.3.1/../../../../arm-none-eabi/lib/thumb/v8-m.main+fp/hard\libg_nano.a
LOAD c:/siliconlabs/simplicitystudio/v5/developer/toolchains/gnu_arm/10.3_2021.10/bin/../lib/gcc/arm-none-eabi/10.3.1/../../../../arm-none-eabi/lib/thumb/v8-m.main+fp/hard\libc_nano.a
END GROUP
START GROUP
LOAD c:/siliconlabs/simplicitystudio/v5/developer/toolchains/gnu_arm/10.3_2021.10/bin/../lib/gcc/arm-none-eabi/10.3.1/thumb/v8-m.main+fp/hard\libgcc.a
LOAD c:/siliconlabs/simplicitystudio/v5/developer/toolchains/gnu_arm/10.3_2021.10/bin/../lib/gcc/arm-none-eabi/10.3.1/../../../../arm-none-eabi/lib/thumb/v8-m.main+fp/hard\libc_nano.a
END GROUP
LOAD c:/siliconlabs/simplicitystudio/v5/developer/toolchains/gnu_arm/10.3_2021.10/bin/../lib/gcc/arm-none-eabi/10.3.1/thumb/v8-m.main+fp/hard/crtend.o
LOAD c:/siliconlabs/simplicitystudio/v5/developer/toolchains/gnu_arm/10.3_2021.10/bin/../lib/gcc/arm-none-eabi/10.3.1/thumb/v8-m.main+fp/hard/crtn.o

.text           0x00000000     0x3ac8
                0x00000000                linker_vectors_begin = .
 *(.vectors)
 .vectors       0x00000000      0x140 ./gecko_sdk_4.1.0/platform/Device/SiliconLabs/BGM22/Source/startup_bgm22.o
                0x00000000                __Vectors
                0x00000140                linker_vectors_end = .
                0x00000140                __Vectors_End = .
                0x00000140                __Vectors_Size = (__Vectors_End - __Vectors)
                0x00000140                linker_code_begin = .
 *(.text*)
 .text          0x00000140       0x40 c:/siliconlabs/simplicitystudio/v5/developer/toolchains/gnu_arm/10.3_2021.10/bin/../lib/gcc/arm-none-eabi/10.3.1/thumb/v8-m.main+fp/hard/crtbegin.o
 .text          0x00000180       0x7c c:/siliconlabs/simplicitystudio/v5/developer/toolchains/gnu_arm/10.3_2021.10/bin/../lib/gcc/arm-none-eabi/10.3.1/../../../../arm-none-eabi/lib/thumb/v8-m.main+fp/hard/crt0.o
                0x00000180                _stack_init
                0x00000188                _start
                0x00000188                _mainCRTStartup
 .text.app_process_action
                0x000001fc       0x14 ./app.o
                0x000001fc                app_process_action
 .text.TIMER0_IRQHandler
                0x00000210       0x64 ./app.o
                0x00000210                TIMER0_IRQHandler
 .text.initCMU  0x00000274       0x18 ./app.o
                0x00000274                initCMU
 .text.initHFXO
                0x0000028c       0x28 ./app.o
                0x0000028c                initHFXO
 .text.init_GPIO
                0x000002b4        0xc ./app.o
                0x000002b4                init_GPIO
 .text.initTimer0
                0x000002c0       0x6c ./app.o
                0x000002c0                initTimer0
 .text.app_init
                0x0000032c       0x16 ./app.o
                0x0000032c                app_init
 .text.startup.main
                0x00000342       0x14 ./main.o
                0x00000342                main
 .text.sl_board_default_init
                0x00000356        0x2 ./autogen/sl_board_default_init.o
                0x00000356                sl_board_default_init
 .text.sl_device_init_clocks
                0x00000358       0x46 ./autogen/sl_device_init_clocks.o
                0x00000358                sl_device_init_clocks
 *fill*         0x0000039e        0x2 
 .text.sl_platform_init
                0x000003a0       0x60 ./autogen/sl_event_handler.o
                0x000003a0                sl_platform_init
 .text.sl_driver_init
                0x00000400        0x2 ./autogen/sl_event_handler.o
                0x00000400                sl_driver_init
 .text.sl_service_init
                0x00000402       0x12 ./autogen/sl_event_handler.o
                0x00000402                sl_service_init
 .text.sl_stack_init
                0x00000414        0x2 ./autogen/sl_event_handler.o
                0x00000414                sl_stack_init
 .text.sl_internal_app_init
                0x00000416        0x4 ./autogen/sl_event_handler.o
                0x00000416                sl_internal_app_init
 .text.sl_platform_process_action
                0x0000041a        0x2 ./autogen/sl_event_handler.o
                0x0000041a                sl_platform_process_action
 .text.sl_service_process_action
                0x0000041c        0x2 ./autogen/sl_event_handler.o
                0x0000041c                sl_service_process_action
 .text.sl_stack_process_action
                0x0000041e        0x2 ./autogen/sl_event_handler.o
                0x0000041e                sl_stack_process_action
 .text.sl_internal_app_process_action
                0x00000420        0x2 ./autogen/sl_event_handler.o
                0x00000420                sl_internal_app_process_action
 *fill*         0x00000422        0x2 
 .text.sl_iostream_usart_init_vcom
                0x00000424       0x68 ./autogen/sl_iostream_init_usart_instances.o
                0x00000424                sl_iostream_usart_init_vcom
 .text.sl_iostream_usart_init_instances
                0x0000048c        0x4 ./autogen/sl_iostream_init_usart_instances.o
                0x0000048c                sl_iostream_usart_init_instances
 .text.USART1_RX_IRQHandler
                0x00000490        0xc ./autogen/sl_iostream_init_usart_instances.o
                0x00000490                USART1_RX_IRQHandler
 .text.USART1_TX_IRQHandler
                0x0000049c        0x4 ./autogen/sl_iostream_init_usart_instances.o
                0x0000049c                USART1_TX_IRQHandler
 .text._app_log_time
                0x000004a0        0x2 ./gecko_sdk_4.1.0/app/common/util/app_log/app_log.o
                0x000004a0                _app_log_time
 .text._app_log_counter
                0x000004a2        0x2 ./gecko_sdk_4.1.0/app/common/util/app_log/app_log.o
                0x000004a2                _app_log_counter
 .text.app_log_init
                0x000004a4       0x38 ./gecko_sdk_4.1.0/app/common/util/app_log/app_log.o
                0x000004a4                app_log_init
 .text.sl_board_configure_vcom
                0x000004dc        0x4 ./gecko_sdk_4.1.0/hardware/board/src/sl_board_control_gpio.o
                0x000004dc                sl_board_configure_vcom
 .text.sl_board_init
                0x000004e0       0x12 ./gecko_sdk_4.1.0/hardware/board/src/sl_board_init.o
                0x000004e0                sl_board_init
 .text.sl_board_preinit
                0x000004f2        0x8 ./gecko_sdk_4.1.0/hardware/board/src/sl_board_init.o
                0x000004f2                sl_board_preinit
 .text.Default_Handler
                0x000004fa        0x2 ./gecko_sdk_4.1.0/platform/Device/SiliconLabs/BGM22/Source/startup_bgm22.o
                0x000004fa                ULFRCO_IRQHandler
                0x000004fa                SW2_IRQHandler
                0x000004fa                TIMER2_IRQHandler
                0x000004fa                DebugMon_Handler
                0x000004fa                PKE_IRQHandler
                0x000004fa                USART0_TX_IRQHandler
                0x000004fa                PRORTC_IRQHandler
                0x000004fa                IADC_IRQHandler
                0x000004fa                I2C0_IRQHandler
                0x000004fa                LFXO_IRQHandler
                0x000004fa                CRYPTOACC_IRQHandler
                0x000004fa                HardFault_Handler
                0x000004fa                SMU_SECURE_IRQHandler
                0x000004fa                SysTick_Handler
                0x000004fa                EMUEFP_IRQHandler
                0x000004fa                PendSV_Handler
                0x000004fa                NMI_Handler
                0x000004fa                SYNTH_IRQHandler
                0x000004fa                HFXO0_IRQHandler
                0x000004fa                I2C1_IRQHandler
                0x000004fa                PDM_IRQHandler
                0x000004fa                WDOG0_IRQHandler
                0x000004fa                TIMER3_IRQHandler
                0x000004fa                SYSCFG_IRQHandler
                0x000004fa                EMUSE_IRQHandler
                0x000004fa                EMUDG_IRQHandler
                0x000004fa                MSC_IRQHandler
                0x000004fa                DPLL0_IRQHandler
                0x000004fa                UsageFault_Handler
                0x000004fa                M33CTI1_IRQHandler
                0x000004fa                TIMER4_IRQHandler
                0x000004fa                GPIO_EVEN_IRQHandler
                0x000004fa                LDMA_IRQHandler
                0x000004fa                SW0_IRQHandler
                0x000004fa                LETIMER0_IRQHandler
                0x000004fa                TIMER1_IRQHandler
                0x000004fa                HFRCO0_IRQHandler
                0x000004fa                RFSENSE_IRQHandler
                0x000004fa                SecureFault_Handler
                0x000004fa                BUFC_IRQHandler
                0x000004fa                DCDC_IRQHandler
                0x000004fa                MODEM_IRQHandler
                0x000004fa                Default_Handler
                0x000004fa                RAC_SEQ_IRQHandler
                0x000004fa                FRC_PRI_IRQHandler
                0x000004fa                EMU_IRQHandler
                0x000004fa                SW3_IRQHandler
                0x000004fa                KERNEL0_IRQHandler
                0x000004fa                FRC_IRQHandler
                0x000004fa                KERNEL1_IRQHandler
                0x000004fa                AGC_IRQHandler
                0x000004fa                sl_app_properties
                0x000004fa                BURTC_IRQHandler
                0x000004fa                LFRCO_IRQHandler
                0x000004fa                USART0_RX_IRQHandler
                0x000004fa                MemManage_Handler
                0x000004fa                RDMAILBOX_IRQHandler
                0x000004fa                SVC_Handler
                0x000004fa                RTCC_IRQHandler
                0x000004fa                SMU_S_PRIVILEGED_IRQHandler
                0x000004fa                SW1_IRQHandler
                0x000004fa                CMU_IRQHandler
                0x000004fa                RAC_RSM_IRQHandler
                0x000004fa                EUART0_TX_IRQHandler
                0x000004fa                EUART0_RX_IRQHandler
                0x000004fa                GPIO_ODD_IRQHandler
                0x000004fa                AES_IRQHandler
                0x000004fa                M33CTI0_IRQHandler
                0x000004fa                ICACHE0_IRQHandler
                0x000004fa                SMU_NS_PRIVILEGED_IRQHandler
                0x000004fa                PROTIMER_IRQHandler
                0x000004fa                BusFault_Handler
                0x000004fa                TRNG_IRQHandler
 .text.Reset_Handler
                0x000004fc       0x60 ./gecko_sdk_4.1.0/platform/Device/SiliconLabs/BGM22/Source/startup_bgm22.o
                0x000004fc                Reset_Handler
 .text.SystemInit
                0x0000055c       0x64 ./gecko_sdk_4.1.0/platform/Device/SiliconLabs/BGM22/Source/system_bgm22.o
                0x0000055c                SystemInit
 .text.SystemHFRCODPLLClockGet
                0x000005c0        0xc ./gecko_sdk_4.1.0/platform/Device/SiliconLabs/BGM22/Source/system_bgm22.o
                0x000005c0                SystemHFRCODPLLClockGet
 .text.SystemSYSCLKGet
                0x000005cc       0x34 ./gecko_sdk_4.1.0/platform/Device/SiliconLabs/BGM22/Source/system_bgm22.o
                0x000005cc                SystemSYSCLKGet
 .text.SystemHCLKGet
                0x00000600       0x24 ./gecko_sdk_4.1.0/platform/Device/SiliconLabs/BGM22/Source/system_bgm22.o
                0x00000600                SystemHCLKGet
 .text.SystemMaxCoreClockGet
                0x00000624        0x8 ./gecko_sdk_4.1.0/platform/Device/SiliconLabs/BGM22/Source/system_bgm22.o
                0x00000624                SystemMaxCoreClockGet
 .text.SystemHFXOClockGet
                0x0000062c        0xc ./gecko_sdk_4.1.0/platform/Device/SiliconLabs/BGM22/Source/system_bgm22.o
                0x0000062c                SystemHFXOClockGet
 .text.SystemHFXOClockSet
                0x00000638       0x20 ./gecko_sdk_4.1.0/platform/Device/SiliconLabs/BGM22/Source/system_bgm22.o
                0x00000638                SystemHFXOClockSet
 .text.SystemCLKIN0Get
                0x00000658        0x4 ./gecko_sdk_4.1.0/platform/Device/SiliconLabs/BGM22/Source/system_bgm22.o
                0x00000658                SystemCLKIN0Get
 .text.SystemFSRCOClockGet
                0x0000065c        0x8 ./gecko_sdk_4.1.0/platform/Device/SiliconLabs/BGM22/Source/system_bgm22.o
                0x0000065c                SystemFSRCOClockGet
 .text.SystemLFRCOClockGet
                0x00000664        0x6 ./gecko_sdk_4.1.0/platform/Device/SiliconLabs/BGM22/Source/system_bgm22.o
                0x00000664                SystemLFRCOClockGet
 .text.SystemULFRCOClockGet
                0x0000066a        0x6 ./gecko_sdk_4.1.0/platform/Device/SiliconLabs/BGM22/Source/system_bgm22.o
                0x0000066a                SystemULFRCOClockGet
 .text.SystemLFXOClockGet
                0x00000670        0xc ./gecko_sdk_4.1.0/platform/Device/SiliconLabs/BGM22/Source/system_bgm22.o
                0x00000670                SystemLFXOClockGet
 .text.assertEFM
                0x0000067c        0x2 ./gecko_sdk_4.1.0/platform/common/src/sl_assert.o
                0x0000067c                assertEFM
 *fill*         0x0000067e        0x2 
 .text._sbrk    0x00000680       0x20 ./gecko_sdk_4.1.0/platform/common/toolchain/src/sl_memory.o
                0x00000680                _sbrk
 .text.EMU_VScaleGet
                0x000006a0       0x18 ./gecko_sdk_4.1.0/platform/emlib/src/em_cmu.o
 .text.em01GrpaClkGet
                0x000006b8       0x54 ./gecko_sdk_4.1.0/platform/emlib/src/em_cmu.o
 .text.iadcClkGet
                0x0000070c       0x54 ./gecko_sdk_4.1.0/platform/emlib/src/em_cmu.o
 .text.em01GrpbClkGet
                0x00000760       0x70 ./gecko_sdk_4.1.0/platform/emlib/src/em_cmu.o
 .text.em23GrpaClkGet
                0x000007d0       0x54 ./gecko_sdk_4.1.0/platform/emlib/src/em_cmu.o
 .text.wdog0ClkGet
                0x00000824       0x60 ./gecko_sdk_4.1.0/platform/emlib/src/em_cmu.o
 .text.rtccClkGet
                0x00000884       0x54 ./gecko_sdk_4.1.0/platform/emlib/src/em_cmu.o
 .text.em4GrpaClkGet
                0x000008d8       0x54 ./gecko_sdk_4.1.0/platform/emlib/src/em_cmu.o
 .text.euart0ClkGet
                0x0000092c       0x48 ./gecko_sdk_4.1.0/platform/emlib/src/em_cmu.o
 .text.CMU_ClockDivGet
                0x00000974       0x84 ./gecko_sdk_4.1.0/platform/emlib/src/em_cmu.o
                0x00000974                CMU_ClockDivGet
 .text.flashWaitStateControl
                0x000009f8       0x4c ./gecko_sdk_4.1.0/platform/emlib/src/em_cmu.o
 .text.waitStateMax
                0x00000a44       0x10 ./gecko_sdk_4.1.0/platform/emlib/src/em_cmu.o
 .text.CMU_ClockEnable
                0x00000a54       0x54 ./gecko_sdk_4.1.0/platform/emlib/src/em_cmu.o
                0x00000a54                CMU_ClockEnable
 .text.CMU_ClockFreqGet
                0x00000aa8      0x194 ./gecko_sdk_4.1.0/platform/emlib/src/em_cmu.o
                0x00000aa8                CMU_ClockFreqGet
 .text.rhclkPrescOptimize
                0x00000c3c       0x20 ./gecko_sdk_4.1.0/platform/emlib/src/em_cmu.o
 .text.CMU_ClockSelectGet
                0x00000c5c      0x168 ./gecko_sdk_4.1.0/platform/emlib/src/em_cmu.o
                0x00000c5c                CMU_ClockSelectGet
 .text.CMU_HFXOInit
                0x00000dc4      0x1e4 ./gecko_sdk_4.1.0/platform/emlib/src/em_cmu.o
                0x00000dc4                CMU_HFXOInit
 .text.CMU_HFXOCTuneDeltaGet
                0x00000fa8        0xc ./gecko_sdk_4.1.0/platform/emlib/src/em_cmu.o
                0x00000fa8                CMU_HFXOCTuneDeltaGet
 .text.CMU_LFXOInit
                0x00000fb4       0xc4 ./gecko_sdk_4.1.0/platform/emlib/src/em_cmu.o
                0x00000fb4                CMU_LFXOInit
 .text.CMU_LFXOPrecisionSet
                0x00001078        0xc ./gecko_sdk_4.1.0/platform/emlib/src/em_cmu.o
                0x00001078                CMU_LFXOPrecisionSet
 .text.CMU_UpdateWaitStates
                0x00001084        0xc ./gecko_sdk_4.1.0/platform/emlib/src/em_cmu.o
                0x00001084                CMU_UpdateWaitStates
 .text.CMU_ClockDivSet
                0x00001090      0x104 ./gecko_sdk_4.1.0/platform/emlib/src/em_cmu.o
                0x00001090                CMU_ClockDivSet
 .text.pclkDivMax
                0x00001194        0xa ./gecko_sdk_4.1.0/platform/emlib/src/em_cmu.o
 *fill*         0x0000119e        0x2 
 .text.pclkDivOptimize
                0x000011a0       0x24 ./gecko_sdk_4.1.0/platform/emlib/src/em_cmu.o
 .text.CMU_ClockSelectSet
                0x000011c4      0x3b8 ./gecko_sdk_4.1.0/platform/emlib/src/em_cmu.o
                0x000011c4                CMU_ClockSelectSet
 .text.CORE_EnterCritical
                0x0000157c        0x8 ./gecko_sdk_4.1.0/platform/emlib/src/em_core.o
                0x0000157c                CORE_EnterCritical
 .text.CORE_ExitCritical
                0x00001584        0x6 ./gecko_sdk_4.1.0/platform/emlib/src/em_core.o
                0x00001584                CORE_ExitCritical
 .text.CORE_EnterAtomic
                0x0000158a        0xc ./gecko_sdk_4.1.0/platform/emlib/src/em_core.o
                0x0000158a                CORE_EnterAtomic
 .text.CORE_ExitAtomic
                0x00001596        0x6 ./gecko_sdk_4.1.0/platform/emlib/src/em_core.o
                0x00001596                CORE_ExitAtomic
 .text.EMU_EM4Init
                0x0000159c       0x14 ./gecko_sdk_4.1.0/platform/emlib/src/em_emu.o
                0x0000159c                EMU_EM4Init
 .text.EMU_EFPEM01VScale
                0x000015b0        0x2 ./gecko_sdk_4.1.0/platform/emlib/src/em_emu.o
                0x000015b0                EMU_EFPEM01VScale
 *fill*         0x000015b2        0x2 
 .text.EMU_VScaleEM01
                0x000015b4       0xb0 ./gecko_sdk_4.1.0/platform/emlib/src/em_emu.o
                0x000015b4                EMU_VScaleEM01
 .text.EMU_VScaleEM01ByClock
                0x00001664       0x30 ./gecko_sdk_4.1.0/platform/emlib/src/em_emu.o
                0x00001664                EMU_VScaleEM01ByClock
 .text.EMU_DCDCUpdatedHook
                0x00001694        0x2 ./gecko_sdk_4.1.0/platform/emlib/src/em_emu.o
                0x00001694                EMU_DCDCUpdatedHook
 *fill*         0x00001696        0x2 
 .text.EMU_DCDCModeSet
                0x00001698       0x78 ./gecko_sdk_4.1.0/platform/emlib/src/em_emu.o
                0x00001698                EMU_DCDCModeSet
 .text.EMU_DCDCInit
                0x00001710       0x7c ./gecko_sdk_4.1.0/platform/emlib/src/em_emu.o
                0x00001710                EMU_DCDCInit
 .text.GPIO_PinOutSet
                0x0000178c       0x54 ./gecko_sdk_4.1.0/platform/emlib/src/em_gpio.o
 .text.GPIO_PinOutClear
                0x000017e0       0x54 ./gecko_sdk_4.1.0/platform/emlib/src/em_gpio.o
 .text.BUS_RegMaskedWrite
                0x00001834       0x22 ./gecko_sdk_4.1.0/platform/emlib/src/em_gpio.o
 *fill*         0x00001856        0x2 
 .text.GPIO_PinModeSet
                0x00001858       0xa0 ./gecko_sdk_4.1.0/platform/emlib/src/em_gpio.o
                0x00001858                GPIO_PinModeSet
 .text.TIMER_Valid
                0x000018f8       0x34 ./gecko_sdk_4.1.0/platform/emlib/src/em_timer.o
 .text.timerPrsConfig
                0x0000192c       0x7c ./gecko_sdk_4.1.0/platform/emlib/src/em_timer.o
 .text.TIMER_SyncWait
                0x000019a8        0xe ./gecko_sdk_4.1.0/platform/emlib/src/em_timer.o
                0x000019a8                TIMER_SyncWait
 *fill*         0x000019b6        0x2 
 .text.TIMER_Init
                0x000019b8       0xb0 ./gecko_sdk_4.1.0/platform/emlib/src/em_timer.o
                0x000019b8                TIMER_Init
 .text.TIMER_InitCC
                0x00001a68       0xb4 ./gecko_sdk_4.1.0/platform/emlib/src/em_timer.o
                0x00001a68                TIMER_InitCC
 .text.USART_BaudrateAsyncSet
                0x00001b1c       0xe0 ./gecko_sdk_4.1.0/platform/emlib/src/em_usart.o
                0x00001b1c                USART_BaudrateAsyncSet
 .text.USART_Enable
                0x00001bfc       0x44 ./gecko_sdk_4.1.0/platform/emlib/src/em_usart.o
                0x00001bfc                USART_Enable
 .text.USART_Reset
                0x00001c40       0x78 ./gecko_sdk_4.1.0/platform/emlib/src/em_usart.o
                0x00001c40                USART_Reset
 .text.USART_InitAsync
                0x00001cb8      0x124 ./gecko_sdk_4.1.0/platform/emlib/src/em_usart.o
                0x00001cb8                USART_InitAsync
 .text.USART_Rx
                0x00001ddc        0xc ./gecko_sdk_4.1.0/platform/emlib/src/em_usart.o
                0x00001ddc                USART_Rx
 .text.USART_Tx
                0x00001de8        0xa ./gecko_sdk_4.1.0/platform/emlib/src/em_usart.o
                0x00001de8                USART_Tx
 *fill*         0x00001df2        0x2 
 .text.sl_device_init_dcdc
                0x00001df4       0x20 ./gecko_sdk_4.1.0/platform/service/device_init/src/sl_device_init_dcdc_s2.o
                0x00001df4                sl_device_init_dcdc
 .text.sl_device_init_emu
                0x00001e14       0x24 ./gecko_sdk_4.1.0/platform/service/device_init/src/sl_device_init_emu_s2.o
                0x00001e14                sl_device_init_emu
 .text.sl_device_init_hfxo
                0x00001e38       0x6c ./gecko_sdk_4.1.0/platform/service/device_init/src/sl_device_init_hfxo_s2.o
                0x00001e38                sl_device_init_hfxo
 .text.sl_device_init_lfxo
                0x00001ea4       0x2c ./gecko_sdk_4.1.0/platform/service/device_init/src/sl_device_init_lfxo_s2.o
                0x00001ea4                sl_device_init_lfxo
 .text.sl_device_init_nvic
                0x00001ed0       0x3c ./gecko_sdk_4.1.0/platform/service/device_init/src/sl_device_init_nvic.o
                0x00001ed0                sl_device_init_nvic
 .text.sl_iostream_set_default
                0x00001f0c       0x18 ./gecko_sdk_4.1.0/platform/service/iostream/src/sl_iostream.o
                0x00001f0c                sl_iostream_set_default
 .text.sl_iostream_get_default
                0x00001f24       0x18 ./gecko_sdk_4.1.0/platform/service/iostream/src/sl_iostream.o
                0x00001f24                sl_iostream_get_default
 .text.sl_iostream_write
                0x00001f3c       0x28 ./gecko_sdk_4.1.0/platform/service/iostream/src/sl_iostream.o
                0x00001f3c                sl_iostream_write
 .text.sl_iostream_read
                0x00001f64       0x32 ./gecko_sdk_4.1.0/platform/service/iostream/src/sl_iostream.o
                0x00001f64                sl_iostream_read
 .text.sl_iostream_printf
                0x00001f96       0x50 ./gecko_sdk_4.1.0/platform/service/iostream/src/sl_iostream.o
                0x00001f96                sl_iostream_printf
 .text._close   0x00001fe6        0x4 ./gecko_sdk_4.1.0/platform/service/iostream/src/sl_iostream_retarget_stdio.o
                0x00001fe6                _close
 .text._exit    0x00001fea        0x2 ./gecko_sdk_4.1.0/platform/service/iostream/src/sl_iostream_retarget_stdio.o
                0x00001fea                _exit
 .text._fstat   0x00001fec        0xa ./gecko_sdk_4.1.0/platform/service/iostream/src/sl_iostream_retarget_stdio.o
                0x00001fec                _fstat
 .text._isatty  0x00001ff6        0x4 ./gecko_sdk_4.1.0/platform/service/iostream/src/sl_iostream_retarget_stdio.o
                0x00001ff6                _isatty
 .text._lseek   0x00001ffa        0x4 ./gecko_sdk_4.1.0/platform/service/iostream/src/sl_iostream_retarget_stdio.o
                0x00001ffa                _lseek
 .text._read    0x00001ffe       0x1c ./gecko_sdk_4.1.0/platform/service/iostream/src/sl_iostream_retarget_stdio.o
                0x00001ffe                _read
 *fill*         0x0000201a        0x2 
 .text._write   0x0000201c       0x1c ./gecko_sdk_4.1.0/platform/service/iostream/src/sl_iostream_retarget_stdio.o
                0x0000201c                _write
 .text.sl_iostream_stdlib_disable_buffering
                0x00002038       0x14 ./gecko_sdk_4.1.0/platform/service/iostream/src/sl_iostream_stdlib_config.o
                0x00002038                sl_iostream_stdlib_disable_buffering
 .text.set_auto_cr_lf
                0x0000204c        0x6 ./gecko_sdk_4.1.0/platform/service/iostream/src/sl_iostream_uart.o
 .text.get_auto_cr_lf
                0x00002052        0x6 ./gecko_sdk_4.1.0/platform/service/iostream/src/sl_iostream_uart.o
 .text.uart_deinit
                0x00002058       0x56 ./gecko_sdk_4.1.0/platform/service/iostream/src/sl_iostream_uart.o
 .text.nolock_uart_write.isra.0
                0x000020ae       0x4e ./gecko_sdk_4.1.0/platform/service/iostream/src/sl_iostream_uart.o
 .text.uart_read
                0x000020fc       0x84 ./gecko_sdk_4.1.0/platform/service/iostream/src/sl_iostream_uart.o
 .text.uart_write
                0x00002180        0xa ./gecko_sdk_4.1.0/platform/service/iostream/src/sl_iostream_uart.o
 *fill*         0x0000218a        0x2 
 .text.sli_iostream_uart_context_init
                0x0000218c       0xac ./gecko_sdk_4.1.0/platform/service/iostream/src/sl_iostream_uart.o
                0x0000218c                sli_iostream_uart_context_init
 .text.sli_uart_is_rx_space_avail
                0x00002238       0x20 ./gecko_sdk_4.1.0/platform/service/iostream/src/sl_iostream_uart.o
                0x00002238                sli_uart_is_rx_space_avail
 .text.sli_uart_push_rxd_data
                0x00002258       0x90 ./gecko_sdk_4.1.0/platform/service/iostream/src/sl_iostream_uart.o
                0x00002258                sli_uart_push_rxd_data
 .text.usart_enable_rx
                0x000022e8        0xc ./gecko_sdk_4.1.0/platform/service/iostream/src/sl_iostream_usart.o
 .text.usart_deinit
                0x000022f4       0x70 ./gecko_sdk_4.1.0/platform/service/iostream/src/sl_iostream_usart.o
 .text.usart_tx
                0x00002364        0xc ./gecko_sdk_4.1.0/platform/service/iostream/src/sl_iostream_usart.o
 .text.sl_iostream_usart_init
                0x00002370      0x178 ./gecko_sdk_4.1.0/platform/service/iostream/src/sl_iostream_usart.o
                0x00002370                sl_iostream_usart_init
 .text.sl_iostream_usart_irq_handler
                0x000024e8       0x30 ./gecko_sdk_4.1.0/platform/service/iostream/src/sl_iostream_usart.o
                0x000024e8                sl_iostream_usart_irq_handler
 .text.sl_system_init
                0x00002518       0x1a ./gecko_sdk_4.1.0/platform/service/system/src/sl_system_init.o
                0x00002518                sl_system_init
 .text.sl_system_process_action
                0x00002532       0x16 ./gecko_sdk_4.1.0/platform/service/system/src/sl_system_process_action.o
                0x00002532                sl_system_process_action
 .text.exit     0x00002548       0x28 c:/siliconlabs/simplicitystudio/v5/developer/toolchains/gnu_arm/10.3_2021.10/bin/../lib/gcc/arm-none-eabi/10.3.1/../../../../arm-none-eabi/lib/thumb/v8-m.main+fp/hard\libc_nano.a(lib_a-exit.o)
                0x00002548                exit
 .text.__libc_init_array
                0x00002570       0x48 c:/siliconlabs/simplicitystudio/v5/developer/toolchains/gnu_arm/10.3_2021.10/bin/../lib/gcc/arm-none-eabi/10.3.1/../../../../arm-none-eabi/lib/thumb/v8-m.main+fp/hard\libc_nano.a(lib_a-init.o)
                0x00002570                __libc_init_array
 .text.memset   0x000025b8       0x10 c:/siliconlabs/simplicitystudio/v5/developer/toolchains/gnu_arm/10.3_2021.10/bin/../lib/gcc/arm-none-eabi/10.3.1/../../../../arm-none-eabi/lib/thumb/v8-m.main+fp/hard\libc_nano.a(lib_a-memset.o)
                0x000025b8                memset
 .text.setvbuf  0x000025c8      0x188 c:/siliconlabs/simplicitystudio/v5/developer/toolchains/gnu_arm/10.3_2021.10/bin/../lib/gcc/arm-none-eabi/10.3.1/../../../../arm-none-eabi/lib/thumb/v8-m.main+fp/hard\libc_nano.a(lib_a-setvbuf.o)
                0x000025c8                setvbuf
 .text.vprintf  0x00002750       0x30 c:/siliconlabs/simplicitystudio/v5/developer/toolchains/gnu_arm/10.3_2021.10/bin/../lib/gcc/arm-none-eabi/10.3.1/../../../../arm-none-eabi/lib/thumb/v8-m.main+fp/hard\libc_nano.a(lib_a-vprintf.o)
                0x00002750                viprintf
                0x00002750                vprintf
 .text.__sflush_r
                0x00002780      0x108 c:/siliconlabs/simplicitystudio/v5/developer/toolchains/gnu_arm/10.3_2021.10/bin/../lib/gcc/arm-none-eabi/10.3.1/../../../../arm-none-eabi/lib/thumb/v8-m.main+fp/hard\libc_nano.a(lib_a-fflush.o)
                0x00002780                __sflush_r
 .text._fflush_r
                0x00002888       0x78 c:/siliconlabs/simplicitystudio/v5/developer/toolchains/gnu_arm/10.3_2021.10/bin/../lib/gcc/arm-none-eabi/10.3.1/../../../../arm-none-eabi/lib/thumb/v8-m.main+fp/hard\libc_nano.a(lib_a-fflush.o)
                0x00002888                _fflush_r
 .text.std      0x00002900       0x48 c:/siliconlabs/simplicitystudio/v5/developer/toolchains/gnu_arm/10.3_2021.10/bin/../lib/gcc/arm-none-eabi/10.3.1/../../../../arm-none-eabi/lib/thumb/v8-m.main+fp/hard\libc_nano.a(lib_a-findfp.o)
 .text._cleanup_r
                0x00002948        0xc c:/siliconlabs/simplicitystudio/v5/developer/toolchains/gnu_arm/10.3_2021.10/bin/../lib/gcc/arm-none-eabi/10.3.1/../../../../arm-none-eabi/lib/thumb/v8-m.main+fp/hard\libc_nano.a(lib_a-findfp.o)
                0x00002948                _cleanup_r
 .text.__sfmoreglue
                0x00002954       0x2c c:/siliconlabs/simplicitystudio/v5/developer/toolchains/gnu_arm/10.3_2021.10/bin/../lib/gcc/arm-none-eabi/10.3.1/../../../../arm-none-eabi/lib/thumb/v8-m.main+fp/hard\libc_nano.a(lib_a-findfp.o)
                0x00002954                __sfmoreglue
 .text.__sfp_lock_acquire
                0x00002980        0xc c:/siliconlabs/simplicitystudio/v5/developer/toolchains/gnu_arm/10.3_2021.10/bin/../lib/gcc/arm-none-eabi/10.3.1/../../../../arm-none-eabi/lib/thumb/v8-m.main+fp/hard\libc_nano.a(lib_a-findfp.o)
                0x00002980                __sfp_lock_acquire
 .text.__sfp_lock_release
                0x0000298c        0xc c:/siliconlabs/simplicitystudio/v5/developer/toolchains/gnu_arm/10.3_2021.10/bin/../lib/gcc/arm-none-eabi/10.3.1/../../../../arm-none-eabi/lib/thumb/v8-m.main+fp/hard\libc_nano.a(lib_a-findfp.o)
                0x0000298c                __sfp_lock_release
 .text.__sinit_lock_acquire
                0x00002998        0xc c:/siliconlabs/simplicitystudio/v5/developer/toolchains/gnu_arm/10.3_2021.10/bin/../lib/gcc/arm-none-eabi/10.3.1/../../../../arm-none-eabi/lib/thumb/v8-m.main+fp/hard\libc_nano.a(lib_a-findfp.o)
                0x00002998                __sinit_lock_acquire
 .text.__sinit_lock_release
                0x000029a4        0xc c:/siliconlabs/simplicitystudio/v5/developer/toolchains/gnu_arm/10.3_2021.10/bin/../lib/gcc/arm-none-eabi/10.3.1/../../../../arm-none-eabi/lib/thumb/v8-m.main+fp/hard\libc_nano.a(lib_a-findfp.o)
                0x000029a4                __sinit_lock_release
 .text.__sinit  0x000029b0       0x70 c:/siliconlabs/simplicitystudio/v5/developer/toolchains/gnu_arm/10.3_2021.10/bin/../lib/gcc/arm-none-eabi/10.3.1/../../../../arm-none-eabi/lib/thumb/v8-m.main+fp/hard\libc_nano.a(lib_a-findfp.o)
                0x000029b0                __sinit
 .text.__sfp    0x00002a20       0x8c c:/siliconlabs/simplicitystudio/v5/developer/toolchains/gnu_arm/10.3_2021.10/bin/../lib/gcc/arm-none-eabi/10.3.1/../../../../arm-none-eabi/lib/thumb/v8-m.main+fp/hard\libc_nano.a(lib_a-findfp.o)
                0x00002a20                __sfp
 .text._fwalk_reent
                0x00002aac       0x3e c:/siliconlabs/simplicitystudio/v5/developer/toolchains/gnu_arm/10.3_2021.10/bin/../lib/gcc/arm-none-eabi/10.3.1/../../../../arm-none-eabi/lib/thumb/v8-m.main+fp/hard\libc_nano.a(lib_a-fwalk.o)
                0x00002aac                _fwalk_reent
 .text.__retarget_lock_init_recursive
                0x00002aea        0x2 c:/siliconlabs/simplicitystudio/v5/developer/toolchains/gnu_arm/10.3_2021.10/bin/../lib/gcc/arm-none-eabi/10.3.1/../../../../arm-none-eabi/lib/thumb/v8-m.main+fp/hard\libc_nano.a(lib_a-lock.o)
                0x00002aea                __retarget_lock_init_recursive
 .text.__retarget_lock_acquire_recursive
                0x00002aec        0x2 c:/siliconlabs/simplicitystudio/v5/developer/toolchains/gnu_arm/10.3_2021.10/bin/../lib/gcc/arm-none-eabi/10.3.1/../../../../arm-none-eabi/lib/thumb/v8-m.main+fp/hard\libc_nano.a(lib_a-lock.o)
                0x00002aec                __retarget_lock_acquire_recursive
 .text.__retarget_lock_release_recursive
                0x00002aee        0x2 c:/siliconlabs/simplicitystudio/v5/developer/toolchains/gnu_arm/10.3_2021.10/bin/../lib/gcc/arm-none-eabi/10.3.1/../../../../arm-none-eabi/lib/thumb/v8-m.main+fp/hard\libc_nano.a(lib_a-lock.o)
                0x00002aee                __retarget_lock_release_recursive
 .text.__swhatbuf_r
                0x00002af0       0x4a c:/siliconlabs/simplicitystudio/v5/developer/toolchains/gnu_arm/10.3_2021.10/bin/../lib/gcc/arm-none-eabi/10.3.1/../../../../arm-none-eabi/lib/thumb/v8-m.main+fp/hard\libc_nano.a(lib_a-makebuf.o)
                0x00002af0                __swhatbuf_r
 *fill*         0x00002b3a        0x2 
 .text.__smakebuf_r
                0x00002b3c       0x80 c:/siliconlabs/simplicitystudio/v5/developer/toolchains/gnu_arm/10.3_2021.10/bin/../lib/gcc/arm-none-eabi/10.3.1/../../../../arm-none-eabi/lib/thumb/v8-m.main+fp/hard\libc_nano.a(lib_a-makebuf.o)
                0x00002b3c                __smakebuf_r
 .text.malloc   0x00002bbc       0x10 c:/siliconlabs/simplicitystudio/v5/developer/toolchains/gnu_arm/10.3_2021.10/bin/../lib/gcc/arm-none-eabi/10.3.1/../../../../arm-none-eabi/lib/thumb/v8-m.main+fp/hard\libc_nano.a(lib_a-malloc.o)
                0x00002bbc                malloc
 .text._free_r  0x00002bcc       0x98 c:/siliconlabs/simplicitystudio/v5/developer/toolchains/gnu_arm/10.3_2021.10/bin/../lib/gcc/arm-none-eabi/10.3.1/../../../../arm-none-eabi/lib/thumb/v8-m.main+fp/hard\libc_nano.a(lib_a-nano-freer.o)
                0x00002bcc                _free_r
 .text.sbrk_aligned
                0x00002c64       0x40 c:/siliconlabs/simplicitystudio/v5/developer/toolchains/gnu_arm/10.3_2021.10/bin/../lib/gcc/arm-none-eabi/10.3.1/../../../../arm-none-eabi/lib/thumb/v8-m.main+fp/hard\libc_nano.a(lib_a-nano-mallocr.o)
 .text._malloc_r
                0x00002ca4       0xe8 c:/siliconlabs/simplicitystudio/v5/developer/toolchains/gnu_arm/10.3_2021.10/bin/../lib/gcc/arm-none-eabi/10.3.1/../../../../arm-none-eabi/lib/thumb/v8-m.main+fp/hard\libc_nano.a(lib_a-nano-mallocr.o)
                0x00002ca4                _malloc_r
 .text.__sfputc_r
                0x00002d8c       0x2e c:/siliconlabs/simplicitystudio/v5/developer/toolchains/gnu_arm/10.3_2021.10/bin/../lib/gcc/arm-none-eabi/10.3.1/../../../../arm-none-eabi/lib/thumb/v8-m.main+fp/hard\libc_nano.a(lib_a-nano-vfprintf.o)
 .text.__sfputs_r
                0x00002dba       0x24 c:/siliconlabs/simplicitystudio/v5/developer/toolchains/gnu_arm/10.3_2021.10/bin/../lib/gcc/arm-none-eabi/10.3.1/../../../../arm-none-eabi/lib/thumb/v8-m.main+fp/hard\libc_nano.a(lib_a-nano-vfprintf.o)
                0x00002dba                __sfputs_r
 *fill*         0x00002dde        0x2 
 .text._vfprintf_r
                0x00002de0      0x260 c:/siliconlabs/simplicitystudio/v5/developer/toolchains/gnu_arm/10.3_2021.10/bin/../lib/gcc/arm-none-eabi/10.3.1/../../../../arm-none-eabi/lib/thumb/v8-m.main+fp/hard\libc_nano.a(lib_a-nano-vfprintf.o)
                0x00002de0                _vfprintf_r
                0x00002de0                _vfiprintf_r
 .text._printf_common
                0x00003040       0xe0 c:/siliconlabs/simplicitystudio/v5/developer/toolchains/gnu_arm/10.3_2021.10/bin/../lib/gcc/arm-none-eabi/10.3.1/../../../../arm-none-eabi/lib/thumb/v8-m.main+fp/hard\libc_nano.a(lib_a-nano-vfprintf_i.o)
                0x00003040                _printf_common
 .text._printf_i
                0x00003120      0x24c c:/siliconlabs/simplicitystudio/v5/developer/toolchains/gnu_arm/10.3_2021.10/bin/../lib/gcc/arm-none-eabi/10.3.1/../../../../arm-none-eabi/lib/thumb/v8-m.main+fp/hard\libc_nano.a(lib_a-nano-vfprintf_i.o)
                0x00003120                _printf_i
 .text._sbrk_r  0x0000336c       0x20 c:/siliconlabs/simplicitystudio/v5/developer/toolchains/gnu_arm/10.3_2021.10/bin/../lib/gcc/arm-none-eabi/10.3.1/../../../../arm-none-eabi/lib/thumb/v8-m.main+fp/hard\libc_nano.a(lib_a-sbrkr.o)
                0x0000336c                _sbrk_r
 .text.__sread  0x0000338c       0x22 c:/siliconlabs/simplicitystudio/v5/developer/toolchains/gnu_arm/10.3_2021.10/bin/../lib/gcc/arm-none-eabi/10.3.1/../../../../arm-none-eabi/lib/thumb/v8-m.main+fp/hard\libc_nano.a(lib_a-stdio.o)
                0x0000338c                __sread
 .text.__swrite
                0x000033ae       0x38 c:/siliconlabs/simplicitystudio/v5/developer/toolchains/gnu_arm/10.3_2021.10/bin/../lib/gcc/arm-none-eabi/10.3.1/../../../../arm-none-eabi/lib/thumb/v8-m.main+fp/hard\libc_nano.a(lib_a-stdio.o)
                0x000033ae                __swrite
 .text.__sseek  0x000033e6       0x24 c:/siliconlabs/simplicitystudio/v5/developer/toolchains/gnu_arm/10.3_2021.10/bin/../lib/gcc/arm-none-eabi/10.3.1/../../../../arm-none-eabi/lib/thumb/v8-m.main+fp/hard\libc_nano.a(lib_a-stdio.o)
                0x000033e6                __sseek
 .text.__sclose
                0x0000340a        0x8 c:/siliconlabs/simplicitystudio/v5/developer/toolchains/gnu_arm/10.3_2021.10/bin/../lib/gcc/arm-none-eabi/10.3.1/../../../../arm-none-eabi/lib/thumb/v8-m.main+fp/hard\libc_nano.a(lib_a-stdio.o)
                0x0000340a                __sclose
 *fill*         0x00003412        0x2 
 .text.__swbuf_r
                0x00003414       0xa4 c:/siliconlabs/simplicitystudio/v5/developer/toolchains/gnu_arm/10.3_2021.10/bin/../lib/gcc/arm-none-eabi/10.3.1/../../../../arm-none-eabi/lib/thumb/v8-m.main+fp/hard\libc_nano.a(lib_a-wbuf.o)
                0x00003414                __swbuf_r
 .text._write_r
                0x000034b8       0x24 c:/siliconlabs/simplicitystudio/v5/developer/toolchains/gnu_arm/10.3_2021.10/bin/../lib/gcc/arm-none-eabi/10.3.1/../../../../arm-none-eabi/lib/thumb/v8-m.main+fp/hard\libc_nano.a(lib_a-writer.o)
                0x000034b8                _write_r
 .text.__swsetup_r
                0x000034dc       0xdc c:/siliconlabs/simplicitystudio/v5/developer/toolchains/gnu_arm/10.3_2021.10/bin/../lib/gcc/arm-none-eabi/10.3.1/../../../../arm-none-eabi/lib/thumb/v8-m.main+fp/hard\libc_nano.a(lib_a-wsetup.o)
                0x000034dc                __swsetup_r
 .text._close_r
                0x000035b8       0x20 c:/siliconlabs/simplicitystudio/v5/developer/toolchains/gnu_arm/10.3_2021.10/bin/../lib/gcc/arm-none-eabi/10.3.1/../../../../arm-none-eabi/lib/thumb/v8-m.main+fp/hard\libc_nano.a(lib_a-closer.o)
                0x000035b8                _close_r
 .text._fstat_r
                0x000035d8       0x24 c:/siliconlabs/simplicitystudio/v5/developer/toolchains/gnu_arm/10.3_2021.10/bin/../lib/gcc/arm-none-eabi/10.3.1/../../../../arm-none-eabi/lib/thumb/v8-m.main+fp/hard\libc_nano.a(lib_a-fstatr.o)
                0x000035d8                _fstat_r
 .text._isatty_r
                0x000035fc       0x20 c:/siliconlabs/simplicitystudio/v5/developer/toolchains/gnu_arm/10.3_2021.10/bin/../lib/gcc/arm-none-eabi/10.3.1/../../../../arm-none-eabi/lib/thumb/v8-m.main+fp/hard\libc_nano.a(lib_a-isattyr.o)
                0x000035fc                _isatty_r
 .text._lseek_r
                0x0000361c       0x24 c:/siliconlabs/simplicitystudio/v5/developer/toolchains/gnu_arm/10.3_2021.10/bin/../lib/gcc/arm-none-eabi/10.3.1/../../../../arm-none-eabi/lib/thumb/v8-m.main+fp/hard\libc_nano.a(lib_a-lseekr.o)
                0x0000361c                _lseek_r
 .text.memchr   0x00003640       0x1c c:/siliconlabs/simplicitystudio/v5/developer/toolchains/gnu_arm/10.3_2021.10/bin/../lib/gcc/arm-none-eabi/10.3.1/../../../../arm-none-eabi/lib/thumb/v8-m.main+fp/hard\libc_nano.a(lib_a-memchr-stub.o)
                0x00003640                memchr
 .text.__malloc_lock
                0x0000365c        0xc c:/siliconlabs/simplicitystudio/v5/developer/toolchains/gnu_arm/10.3_2021.10/bin/../lib/gcc/arm-none-eabi/10.3.1/../../../../arm-none-eabi/lib/thumb/v8-m.main+fp/hard\libc_nano.a(lib_a-mlock.o)
                0x0000365c                __malloc_lock
 .text.__malloc_unlock
                0x00003668        0xc c:/siliconlabs/simplicitystudio/v5/developer/toolchains/gnu_arm/10.3_2021.10/bin/../lib/gcc/arm-none-eabi/10.3.1/../../../../arm-none-eabi/lib/thumb/v8-m.main+fp/hard\libc_nano.a(lib_a-mlock.o)
                0x00003668                __malloc_unlock
 .text._read_r  0x00003674       0x24 c:/siliconlabs/simplicitystudio/v5/developer/toolchains/gnu_arm/10.3_2021.10/bin/../lib/gcc/arm-none-eabi/10.3.1/../../../../arm-none-eabi/lib/thumb/v8-m.main+fp/hard\libc_nano.a(lib_a-readr.o)
                0x00003674                _read_r
                0x00003698                linker_code_end = .
 *(.init)
 .init          0x00003698        0x4 c:/siliconlabs/simplicitystudio/v5/developer/toolchains/gnu_arm/10.3_2021.10/bin/../lib/gcc/arm-none-eabi/10.3.1/thumb/v8-m.main+fp/hard/crti.o
                0x00003698                _init
 .init          0x0000369c        0x8 c:/siliconlabs/simplicitystudio/v5/developer/toolchains/gnu_arm/10.3_2021.10/bin/../lib/gcc/arm-none-eabi/10.3.1/thumb/v8-m.main+fp/hard/crtn.o
 *(.fini)
 .fini          0x000036a4        0x4 c:/siliconlabs/simplicitystudio/v5/developer/toolchains/gnu_arm/10.3_2021.10/bin/../lib/gcc/arm-none-eabi/10.3.1/thumb/v8-m.main+fp/hard/crti.o
                0x000036a4                _fini
 .fini          0x000036a8        0x8 c:/siliconlabs/simplicitystudio/v5/developer/toolchains/gnu_arm/10.3_2021.10/bin/../lib/gcc/arm-none-eabi/10.3.1/thumb/v8-m.main+fp/hard/crtn.o
 *crtbegin.o(.ctors)
 *crtbegin?.o(.ctors)
 *(EXCLUDE_FILE(*crtend.o *crtend?.o) .ctors)
 *(SORT_BY_NAME(.ctors.*))
 *(.ctors)
 *crtbegin.o(.dtors)
 *crtbegin?.o(.dtors)
 *(EXCLUDE_FILE(*crtend.o *crtend?.o) .dtors)
 *(SORT_BY_NAME(.dtors.*))
 *(.dtors)
 *(.rodata*)
 .rodata.TIMER0_IRQHandler.str1.1
                0x000036b0        0x4 ./app.o
 .rodata        0x000036b4       0x28 ./app.o
 .rodata.sl_iostream_usart_init_vcom.str1.1
                0x000036dc       0x2e ./autogen/sl_iostream_init_usart_instances.o
 *fill*         0x0000370a        0x2 
 .rodata        0x0000370c       0x40 ./autogen/sl_iostream_init_usart_instances.o
 .rodata.HFRCODPLLDevinfoGet.str1.1
                0x0000374c       0x4b ./gecko_sdk_4.1.0/platform/emlib/src/em_cmu.o
 .rodata.CSWTCH.64
                0x00003797        0x4 ./gecko_sdk_4.1.0/platform/emlib/src/em_cmu.o
 .rodata.CSWTCH.66
                0x0000379b        0x6 ./gecko_sdk_4.1.0/platform/emlib/src/em_cmu.o
 .rodata.EMU_VScaleEM01.str1.1
                0x000037a1       0x4b ./gecko_sdk_4.1.0/platform/emlib/src/em_emu.o
 .rodata.GPIO_PinOutSet.str1.1
                0x000037ec       0x4c ./gecko_sdk_4.1.0/platform/emlib/src/em_gpio.o
 .rodata.GPIO_ExtIntConfig.str1.1
                0x00003838       0x4c ./gecko_sdk_4.1.0/platform/emlib/src/em_gpio.o
 .rodata.timerPrsConfig.str1.1
                0x00003884       0x4d ./gecko_sdk_4.1.0/platform/emlib/src/em_timer.o
 .rodata.USART_BaudrateAsyncSet.str1.1
                0x000038d1       0x4d ./gecko_sdk_4.1.0/platform/emlib/src/em_usart.o
 .rodata        0x0000391e        0x8 ./gecko_sdk_4.1.0/platform/service/device_init/src/sl_device_init_dcdc_s2.o
 *fill*         0x00003926        0x2 
 .rodata        0x00003928       0x28 ./gecko_sdk_4.1.0/platform/service/device_init/src/sl_device_init_hfxo_s2.o
 .rodata        0x00003950       0x14 ./gecko_sdk_4.1.0/platform/service/device_init/src/sl_device_init_lfxo_s2.o
 .rodata._write.str1.1
                0x00003964       0x6a ./gecko_sdk_4.1.0/platform/service/iostream/src/sl_iostream_retarget_stdio.o
 .rodata.sli_uart_push_rxd_data.str1.1
                0x000039ce       0x60 ./gecko_sdk_4.1.0/platform/service/iostream/src/sl_iostream_uart.o
 *fill*         0x00003a2e        0x2 
 .rodata._global_impure_ptr
                0x00003a30        0x4 c:/siliconlabs/simplicitystudio/v5/developer/toolchains/gnu_arm/10.3_2021.10/bin/../lib/gcc/arm-none-eabi/10.3.1/../../../../arm-none-eabi/lib/thumb/v8-m.main+fp/hard\libc_nano.a(lib_a-impure.o)
                0x00003a30                _global_impure_ptr
 .rodata.__sf_fake_stderr
                0x00003a34       0x20 c:/siliconlabs/simplicitystudio/v5/developer/toolchains/gnu_arm/10.3_2021.10/bin/../lib/gcc/arm-none-eabi/10.3.1/../../../../arm-none-eabi/lib/thumb/v8-m.main+fp/hard\libc_nano.a(lib_a-findfp.o)
                0x00003a34                __sf_fake_stderr
 .rodata.__sf_fake_stdin
                0x00003a54       0x20 c:/siliconlabs/simplicitystudio/v5/developer/toolchains/gnu_arm/10.3_2021.10/bin/../lib/gcc/arm-none-eabi/10.3.1/../../../../arm-none-eabi/lib/thumb/v8-m.main+fp/hard\libc_nano.a(lib_a-findfp.o)
                0x00003a54                __sf_fake_stdin
 .rodata.__sf_fake_stdout
                0x00003a74       0x20 c:/siliconlabs/simplicitystudio/v5/developer/toolchains/gnu_arm/10.3_2021.10/bin/../lib/gcc/arm-none-eabi/10.3.1/../../../../arm-none-eabi/lib/thumb/v8-m.main+fp/hard\libc_nano.a(lib_a-findfp.o)
                0x00003a74                __sf_fake_stdout
 .rodata._vfprintf_r.str1.1
                0x00003a94       0x11 c:/siliconlabs/simplicitystudio/v5/developer/toolchains/gnu_arm/10.3_2021.10/bin/../lib/gcc/arm-none-eabi/10.3.1/../../../../arm-none-eabi/lib/thumb/v8-m.main+fp/hard\libc_nano.a(lib_a-nano-vfprintf.o)
 .rodata._printf_i.str1.1
                0x00003aa5       0x22 c:/siliconlabs/simplicitystudio/v5/developer/toolchains/gnu_arm/10.3_2021.10/bin/../lib/gcc/arm-none-eabi/10.3.1/../../../../arm-none-eabi/lib/thumb/v8-m.main+fp/hard\libc_nano.a(lib_a-nano-vfprintf_i.o)
 *(.eh_frame*)
 *fill*         0x00003ac7        0x1 
 .eh_frame      0x00003ac8        0x0 c:/siliconlabs/simplicitystudio/v5/developer/toolchains/gnu_arm/10.3_2021.10/bin/../lib/gcc/arm-none-eabi/10.3.1/thumb/v8-m.main+fp/hard/crtbegin.o

.glue_7         0x00003ac8        0x0
 .glue_7        0x00003ac8        0x0 linker stubs

.glue_7t        0x00003ac8        0x0
 .glue_7t       0x00003ac8        0x0 linker stubs

.vfp11_veneer   0x00003ac8        0x0
 .vfp11_veneer  0x00003ac8        0x0 linker stubs

.v4_bx          0x00003ac8        0x0
 .v4_bx         0x00003ac8        0x0 linker stubs

.iplt           0x00003ac8        0x0
 .iplt          0x00003ac8        0x0 c:/siliconlabs/simplicitystudio/v5/developer/toolchains/gnu_arm/10.3_2021.10/bin/../lib/gcc/arm-none-eabi/10.3.1/thumb/v8-m.main+fp/hard/crtbegin.o

.ARM.extab
 *(.ARM.extab* .gnu.linkonce.armextab.*)
                0x00003ac8                __exidx_start = .

.ARM.exidx      0x00003ac8        0x8
 *(.ARM.exidx* .gnu.linkonce.armexidx.*)
 .ARM.exidx     0x00003ac8        0x8 c:/siliconlabs/simplicitystudio/v5/developer/toolchains/gnu_arm/10.3_2021.10/bin/../lib/gcc/arm-none-eabi/10.3.1/../../../../arm-none-eabi/lib/thumb/v8-m.main+fp/hard/crt0.o
                                 0x10 (size before relaxing)
                0x00003ad0                __exidx_end = .

.rel.dyn        0x00003ad0        0x0
 .rel.iplt      0x00003ad0        0x0 c:/siliconlabs/simplicitystudio/v5/developer/toolchains/gnu_arm/10.3_2021.10/bin/../lib/gcc/arm-none-eabi/10.3.1/thumb/v8-m.main+fp/hard/crtbegin.o

.copy.table     0x00003ad0        0xc
                0x00003ad0                . = ALIGN (0x4)
                0x00003ad0                __copy_table_start__ = .
                0x00003ad0        0x4 LONG 0x3adc __etext
                0x00003ad4        0x4 LONG 0x20001000 __data_start__
                0x00003ad8        0x4 LONG 0x22 ((__data_end__ - __data_start__) / 0x4)
                0x00003adc                __copy_table_end__ = .

.zero.table     0x00003adc        0x0
                0x00003adc                . = ALIGN (0x4)
                0x00003adc                __zero_table_start__ = .
                0x00003adc                __zero_table_end__ = .
                0x00003adc                __etext = .
                0x20000000                . = ORIGIN (RAM)

.stack          0x20000000     0x1000
                0x20000000                __StackLimit = .
 *(.stack*)
 .stack         0x20000000     0x1000 ./gecko_sdk_4.1.0/platform/common/toolchain/src/sl_memory.o
                0x20001000                . = ALIGN (0x4)
                0x20001000                __StackTop = .
                0x20001000                PROVIDE (__stack = __StackTop)

.noinit
 *(.noinit*)

.data           0x20001000       0x88 load address 0x00003adc
                0x20001000                . = ALIGN (0x4)
                0x20001000                __data_start__ = .
 *(vtable)
 *(.data*)
 .data.level_filter_enabled
                0x20001000        0x1 ./gecko_sdk_4.1.0/app/common/util/app_log/app_log.o
 .data.level_filter_threshold
                0x20001001        0x1 ./gecko_sdk_4.1.0/app/common/util/app_log/app_log.o
 .data.level_mask
                0x20001002        0x1 ./gecko_sdk_4.1.0/app/common/util/app_log/app_log.o
 *fill*         0x20001003        0x1 
 .data.SystemCoreClock
                0x20001004        0x4 ./gecko_sdk_4.1.0/platform/Device/SiliconLabs/BGM22/Source/system_bgm22.o
                0x20001004                SystemCoreClock
 .data.SystemHFRCODPLLClock
                0x20001008        0x4 ./gecko_sdk_4.1.0/platform/Device/SiliconLabs/BGM22/Source/system_bgm22.o
 .data.SystemHFXOClock
                0x2000100c        0x4 ./gecko_sdk_4.1.0/platform/Device/SiliconLabs/BGM22/Source/system_bgm22.o
 .data.SystemLFXOClock
                0x20001010        0x4 ./gecko_sdk_4.1.0/platform/Device/SiliconLabs/BGM22/Source/system_bgm22.o
 .data.heap_end.0
                0x20001014        0x4 ./gecko_sdk_4.1.0/platform/common/toolchain/src/sl_memory.o
 .data.lfxo_precision
                0x20001018        0x2 ./gecko_sdk_4.1.0/platform/emlib/src/em_cmu.o
 *fill*         0x2000101a        0x2 
 .data._impure_ptr
                0x2000101c        0x4 c:/siliconlabs/simplicitystudio/v5/developer/toolchains/gnu_arm/10.3_2021.10/bin/../lib/gcc/arm-none-eabi/10.3.1/../../../../arm-none-eabi/lib/thumb/v8-m.main+fp/hard\libc_nano.a(lib_a-impure.o)
                0x2000101c                _impure_ptr
 .data.impure_data
                0x20001020       0x60 c:/siliconlabs/simplicitystudio/v5/developer/toolchains/gnu_arm/10.3_2021.10/bin/../lib/gcc/arm-none-eabi/10.3.1/../../../../arm-none-eabi/lib/thumb/v8-m.main+fp/hard\libc_nano.a(lib_a-impure.o)
                0x20001080                . = ALIGN (0x4)
                [!provide]                PROVIDE (__ram_func_section_start = .)
 *(.ram)
                [!provide]                PROVIDE (__ram_func_section_end = .)
                0x20001080                . = ALIGN (0x4)
                0x20001080                PROVIDE (__preinit_array_start = .)
 *(.preinit_array)
                0x20001080                PROVIDE (__preinit_array_end = .)
                0x20001080                . = ALIGN (0x4)
                0x20001080                PROVIDE (__init_array_start = .)
 *(SORT_BY_NAME(.init_array.*))
 *(.init_array)
 .init_array    0x20001080        0x4 c:/siliconlabs/simplicitystudio/v5/developer/toolchains/gnu_arm/10.3_2021.10/bin/../lib/gcc/arm-none-eabi/10.3.1/thumb/v8-m.main+fp/hard/crtbegin.o
                0x20001084                PROVIDE (__init_array_end = .)
                0x20001084                . = ALIGN (0x4)
                [!provide]                PROVIDE (__fini_array_start = .)
 *(SORT_BY_NAME(.fini_array.*))
 *(.fini_array)
 .fini_array    0x20001084        0x4 c:/siliconlabs/simplicitystudio/v5/developer/toolchains/gnu_arm/10.3_2021.10/bin/../lib/gcc/arm-none-eabi/10.3.1/thumb/v8-m.main+fp/hard/crtbegin.o
                [!provide]                PROVIDE (__fini_array_end = .)
                0x20001088                . = ALIGN (0x4)
                0x20001088                __data_end__ = .

.igot.plt       0x20001088        0x0 load address 0x00003b64
 .igot.plt      0x20001088        0x0 c:/siliconlabs/simplicitystudio/v5/developer/toolchains/gnu_arm/10.3_2021.10/bin/../lib/gcc/arm-none-eabi/10.3.1/thumb/v8-m.main+fp/hard/crtbegin.o

.bss            0x20001088       0xb8 load address 0x00003b64
                0x20001088                . = ALIGN (0x4)
                0x20001088                __bss_start__ = .
 *(.bss*)
 .bss           0x20001088       0x1c c:/siliconlabs/simplicitystudio/v5/developer/toolchains/gnu_arm/10.3_2021.10/bin/../lib/gcc/arm-none-eabi/10.3.1/thumb/v8-m.main+fp/hard/crtbegin.o
 .bss.firstEdge
                0x200010a4        0x4 ./app.o
                0x200010a4                firstEdge
 .bss.secondEdge
                0x200010a8        0x4 ./app.o
                0x200010a8                secondEdge
 .bss.context_vcom
                0x200010ac       0x40 ./autogen/sl_iostream_init_usart_instances.o
 .bss.rx_buffer_vcom
                0x200010ec       0x20 ./autogen/sl_iostream_init_usart_instances.o
 .bss.sl_iostream_vcom
                0x2000110c       0x18 ./autogen/sl_iostream_init_usart_instances.o
 .bss.app_log_iostream
                0x20001124        0x4 ./gecko_sdk_4.1.0/app/common/util/app_log/app_log.o
                0x20001124                app_log_iostream
 .bss.level_mask_enabled
                0x20001128        0x1 ./gecko_sdk_4.1.0/app/common/util/app_log/app_log.o
 .bss.ctuneDelta
                0x20001129        0x1 ./gecko_sdk_4.1.0/platform/emlib/src/em_cmu.o
 .bss.vScaleEM01Config
                0x2000112a        0x1 ./gecko_sdk_4.1.0/platform/emlib/src/em_emu.o
 *fill*         0x2000112b        0x1 
 .bss.sli_iostream_default
                0x2000112c        0x4 ./gecko_sdk_4.1.0/platform/service/iostream/src/sl_iostream.o
 .bss.__lock___malloc_recursive_mutex
                0x20001130        0x1 c:/siliconlabs/simplicitystudio/v5/developer/toolchains/gnu_arm/10.3_2021.10/bin/../lib/gcc/arm-none-eabi/10.3.1/../../../../arm-none-eabi/lib/thumb/v8-m.main+fp/hard\libc_nano.a(lib_a-lock.o)
                0x20001130                __lock___malloc_recursive_mutex
 .bss.__lock___sfp_recursive_mutex
                0x20001131        0x1 c:/siliconlabs/simplicitystudio/v5/developer/toolchains/gnu_arm/10.3_2021.10/bin/../lib/gcc/arm-none-eabi/10.3.1/../../../../arm-none-eabi/lib/thumb/v8-m.main+fp/hard\libc_nano.a(lib_a-lock.o)
                0x20001131                __lock___sfp_recursive_mutex
 .bss.__lock___sinit_recursive_mutex
                0x20001132        0x1 c:/siliconlabs/simplicitystudio/v5/developer/toolchains/gnu_arm/10.3_2021.10/bin/../lib/gcc/arm-none-eabi/10.3.1/../../../../arm-none-eabi/lib/thumb/v8-m.main+fp/hard\libc_nano.a(lib_a-lock.o)
                0x20001132                __lock___sinit_recursive_mutex
 *fill*         0x20001133        0x1 
 .bss.__malloc_free_list
                0x20001134        0x4 c:/siliconlabs/simplicitystudio/v5/developer/toolchains/gnu_arm/10.3_2021.10/bin/../lib/gcc/arm-none-eabi/10.3.1/../../../../arm-none-eabi/lib/thumb/v8-m.main+fp/hard\libc_nano.a(lib_a-nano-mallocr.o)
                0x20001134                __malloc_free_list
 .bss.__malloc_sbrk_start
                0x20001138        0x4 c:/siliconlabs/simplicitystudio/v5/developer/toolchains/gnu_arm/10.3_2021.10/bin/../lib/gcc/arm-none-eabi/10.3.1/../../../../arm-none-eabi/lib/thumb/v8-m.main+fp/hard\libc_nano.a(lib_a-nano-mallocr.o)
                0x20001138                __malloc_sbrk_start
 .bss.errno     0x2000113c        0x4 c:/siliconlabs/simplicitystudio/v5/developer/toolchains/gnu_arm/10.3_2021.10/bin/../lib/gcc/arm-none-eabi/10.3.1/../../../../arm-none-eabi/lib/thumb/v8-m.main+fp/hard\libc_nano.a(lib_a-reent.o)
                0x2000113c                errno
 *(COMMON)
                0x20001140                . = ALIGN (0x4)
                0x20001140                __bss_end__ = .

.heap           0x20001140     0x6ec0
                0x20001140                __HeapBase = .
                0x20001140                __end__ = .
                0x20001140                end = __end__
                0x20001140                _end = __end__
 *(.heap*)
 .heap          0x20001140      0x800 ./gecko_sdk_4.1.0/platform/common/toolchain/src/sl_memory.o
                0x20008000                . = (ORIGIN (RAM) + LENGTH (RAM))
 *fill*         0x20001940     0x66c0 
                0x20008000                __HeapLimit = .
                0x00006ec0                __heap_size = (__HeapLimit - __HeapBase)
                0x0007e000                __main_flash_end__ = 0x7e000

.internal_storage
                0x00003adc        0x0
 *(.internal_storage*)

.nvm            0x00003adc        0x0
 *(.simee*)
                0x0007e000                linker_nvm_end = __main_flash_end__
                0x0007e000                linker_nvm_begin = (linker_nvm_end - SIZEOF (.nvm))
                0x00000000                linker_nvm_size = SIZEOF (.nvm)
                0x0007e000                linker_storage_end = linker_nvm_begin
                0x0007e000                linker_storage_begin = (linker_storage_end - SIZEOF (.internal_storage))
                0x00000000                linker_storage_size = SIZEOF (.internal_storage)
                0x0007e000                __nvm3Base = linker_nvm_begin
                0x00000001                ASSERT ((linker_storage_begin >= (__etext + SIZEOF (.data))), FLASH memory overflowed !)
OUTPUT(freq_measure_test.axf elf32-littlearm)
LOAD linker stubs

.ARM.attributes
                0x00000000       0x36
 .ARM.attributes
                0x00000000       0x22 c:/siliconlabs/simplicitystudio/v5/developer/toolchains/gnu_arm/10.3_2021.10/bin/../lib/gcc/arm-none-eabi/10.3.1/thumb/v8-m.main+fp/hard/crti.o
 .ARM.attributes
                0x00000022       0x38 c:/siliconlabs/simplicitystudio/v5/developer/toolchains/gnu_arm/10.3_2021.10/bin/../lib/gcc/arm-none-eabi/10.3.1/thumb/v8-m.main+fp/hard/crtbegin.o
 .ARM.attributes
                0x0000005a       0x20 c:/siliconlabs/simplicitystudio/v5/developer/toolchains/gnu_arm/10.3_2021.10/bin/../lib/gcc/arm-none-eabi/10.3.1/../../../../arm-none-eabi/lib/thumb/v8-m.main+fp/hard/crt0.o
 .ARM.attributes
                0x0000007a       0x3a ./app.o
 .ARM.attributes
                0x000000b4       0x3a ./main.o
 .ARM.attributes
                0x000000ee       0x3a ./autogen/sl_board_default_init.o
 .ARM.attributes
                0x00000128       0x3a ./autogen/sl_device_init_clocks.o
 .ARM.attributes
                0x00000162       0x3a ./autogen/sl_event_handler.o
 .ARM.attributes
                0x0000019c       0x3a ./autogen/sl_iostream_init_usart_instances.o
 .ARM.attributes
                0x000001d6       0x3a ./gecko_sdk_4.1.0/app/common/util/app_log/app_log.o
 .ARM.attributes
                0x00000210       0x3a ./gecko_sdk_4.1.0/hardware/board/src/sl_board_control_gpio.o
 .ARM.attributes
                0x0000024a       0x3a ./gecko_sdk_4.1.0/hardware/board/src/sl_board_init.o
 .ARM.attributes
                0x00000284       0x3a ./gecko_sdk_4.1.0/platform/Device/SiliconLabs/BGM22/Source/startup_bgm22.o
 .ARM.attributes
                0x000002be       0x3a ./gecko_sdk_4.1.0/platform/Device/SiliconLabs/BGM22/Source/system_bgm22.o
 .ARM.attributes
                0x000002f8       0x3a ./gecko_sdk_4.1.0/platform/common/src/sl_assert.o
 .ARM.attributes
                0x00000332       0x3a ./gecko_sdk_4.1.0/platform/common/toolchain/src/sl_memory.o
 .ARM.attributes
                0x0000036c       0x3a ./gecko_sdk_4.1.0/platform/emlib/src/em_cmu.o
 .ARM.attributes
                0x000003a6       0x3a ./gecko_sdk_4.1.0/platform/emlib/src/em_core.o
 .ARM.attributes
                0x000003e0       0x3a ./gecko_sdk_4.1.0/platform/emlib/src/em_emu.o
 .ARM.attributes
                0x0000041a       0x3a ./gecko_sdk_4.1.0/platform/emlib/src/em_gpio.o
 .ARM.attributes
                0x00000454       0x3a ./gecko_sdk_4.1.0/platform/emlib/src/em_timer.o
 .ARM.attributes
                0x0000048e       0x3a ./gecko_sdk_4.1.0/platform/emlib/src/em_usart.o
 .ARM.attributes
                0x000004c8       0x3a ./gecko_sdk_4.1.0/platform/service/device_init/src/sl_device_init_dcdc_s2.o
 .ARM.attributes
                0x00000502       0x3a ./gecko_sdk_4.1.0/platform/service/device_init/src/sl_device_init_emu_s2.o
 .ARM.attributes
                0x0000053c       0x3a ./gecko_sdk_4.1.0/platform/service/device_init/src/sl_device_init_hfxo_s2.o
 .ARM.attributes
                0x00000576       0x3a ./gecko_sdk_4.1.0/platform/service/device_init/src/sl_device_init_lfxo_s2.o
 .ARM.attributes
                0x000005b0       0x3a ./gecko_sdk_4.1.0/platform/service/device_init/src/sl_device_init_nvic.o
 .ARM.attributes
                0x000005ea       0x3a ./gecko_sdk_4.1.0/platform/service/iostream/src/sl_iostream.o
 .ARM.attributes
                0x00000624       0x3a ./gecko_sdk_4.1.0/platform/service/iostream/src/sl_iostream_retarget_stdio.o
 .ARM.attributes
                0x0000065e       0x3a ./gecko_sdk_4.1.0/platform/service/iostream/src/sl_iostream_stdlib_config.o
 .ARM.attributes
                0x00000698       0x3a ./gecko_sdk_4.1.0/platform/service/iostream/src/sl_iostream_uart.o
 .ARM.attributes
                0x000006d2       0x3a ./gecko_sdk_4.1.0/platform/service/iostream/src/sl_iostream_usart.o
 .ARM.attributes
                0x0000070c       0x3a ./gecko_sdk_4.1.0/platform/service/system/src/sl_system_init.o
 .ARM.attributes
                0x00000746       0x3a ./gecko_sdk_4.1.0/platform/service/system/src/sl_system_process_action.o
 .ARM.attributes
                0x00000780       0x38 c:/siliconlabs/simplicitystudio/v5/developer/toolchains/gnu_arm/10.3_2021.10/bin/../lib/gcc/arm-none-eabi/10.3.1/../../../../arm-none-eabi/lib/thumb/v8-m.main+fp/hard\libc_nano.a(lib_a-exit.o)
 .ARM.attributes
                0x000007b8       0x38 c:/siliconlabs/simplicitystudio/v5/developer/toolchains/gnu_arm/10.3_2021.10/bin/../lib/gcc/arm-none-eabi/10.3.1/../../../../arm-none-eabi/lib/thumb/v8-m.main+fp/hard\libc_nano.a(lib_a-impure.o)
 .ARM.attributes
                0x000007f0       0x38 c:/siliconlabs/simplicitystudio/v5/developer/toolchains/gnu_arm/10.3_2021.10/bin/../lib/gcc/arm-none-eabi/10.3.1/../../../../arm-none-eabi/lib/thumb/v8-m.main+fp/hard\libc_nano.a(lib_a-init.o)
 .ARM.attributes
                0x00000828       0x38 c:/siliconlabs/simplicitystudio/v5/developer/toolchains/gnu_arm/10.3_2021.10/bin/../lib/gcc/arm-none-eabi/10.3.1/../../../../arm-none-eabi/lib/thumb/v8-m.main+fp/hard\libc_nano.a(lib_a-memset.o)
 .ARM.attributes
                0x00000860       0x38 c:/siliconlabs/simplicitystudio/v5/developer/toolchains/gnu_arm/10.3_2021.10/bin/../lib/gcc/arm-none-eabi/10.3.1/../../../../arm-none-eabi/lib/thumb/v8-m.main+fp/hard\libc_nano.a(lib_a-setvbuf.o)
 .ARM.attributes
                0x00000898       0x38 c:/siliconlabs/simplicitystudio/v5/developer/toolchains/gnu_arm/10.3_2021.10/bin/../lib/gcc/arm-none-eabi/10.3.1/../../../../arm-none-eabi/lib/thumb/v8-m.main+fp/hard\libc_nano.a(lib_a-vprintf.o)
 .ARM.attributes
                0x000008d0       0x38 c:/siliconlabs/simplicitystudio/v5/developer/toolchains/gnu_arm/10.3_2021.10/bin/../lib/gcc/arm-none-eabi/10.3.1/../../../../arm-none-eabi/lib/thumb/v8-m.main+fp/hard\libc_nano.a(lib_a-fflush.o)
 .ARM.attributes
                0x00000908       0x38 c:/siliconlabs/simplicitystudio/v5/developer/toolchains/gnu_arm/10.3_2021.10/bin/../lib/gcc/arm-none-eabi/10.3.1/../../../../arm-none-eabi/lib/thumb/v8-m.main+fp/hard\libc_nano.a(lib_a-findfp.o)
 .ARM.attributes
                0x00000940       0x38 c:/siliconlabs/simplicitystudio/v5/developer/toolchains/gnu_arm/10.3_2021.10/bin/../lib/gcc/arm-none-eabi/10.3.1/../../../../arm-none-eabi/lib/thumb/v8-m.main+fp/hard\libc_nano.a(lib_a-fwalk.o)
 .ARM.attributes
                0x00000978       0x38 c:/siliconlabs/simplicitystudio/v5/developer/toolchains/gnu_arm/10.3_2021.10/bin/../lib/gcc/arm-none-eabi/10.3.1/../../../../arm-none-eabi/lib/thumb/v8-m.main+fp/hard\libc_nano.a(lib_a-lock.o)
 .ARM.attributes
                0x000009b0       0x38 c:/siliconlabs/simplicitystudio/v5/developer/toolchains/gnu_arm/10.3_2021.10/bin/../lib/gcc/arm-none-eabi/10.3.1/../../../../arm-none-eabi/lib/thumb/v8-m.main+fp/hard\libc_nano.a(lib_a-makebuf.o)
 .ARM.attributes
                0x000009e8       0x38 c:/siliconlabs/simplicitystudio/v5/developer/toolchains/gnu_arm/10.3_2021.10/bin/../lib/gcc/arm-none-eabi/10.3.1/../../../../arm-none-eabi/lib/thumb/v8-m.main+fp/hard\libc_nano.a(lib_a-malloc.o)
 .ARM.attributes
                0x00000a20       0x38 c:/siliconlabs/simplicitystudio/v5/developer/toolchains/gnu_arm/10.3_2021.10/bin/../lib/gcc/arm-none-eabi/10.3.1/../../../../arm-none-eabi/lib/thumb/v8-m.main+fp/hard\libc_nano.a(lib_a-nano-freer.o)
 .ARM.attributes
                0x00000a58       0x38 c:/siliconlabs/simplicitystudio/v5/developer/toolchains/gnu_arm/10.3_2021.10/bin/../lib/gcc/arm-none-eabi/10.3.1/../../../../arm-none-eabi/lib/thumb/v8-m.main+fp/hard\libc_nano.a(lib_a-nano-mallocr.o)
 .ARM.attributes
                0x00000a90       0x38 c:/siliconlabs/simplicitystudio/v5/developer/toolchains/gnu_arm/10.3_2021.10/bin/../lib/gcc/arm-none-eabi/10.3.1/../../../../arm-none-eabi/lib/thumb/v8-m.main+fp/hard\libc_nano.a(lib_a-nano-vfprintf.o)
 .ARM.attributes
                0x00000ac8       0x38 c:/siliconlabs/simplicitystudio/v5/developer/toolchains/gnu_arm/10.3_2021.10/bin/../lib/gcc/arm-none-eabi/10.3.1/../../../../arm-none-eabi/lib/thumb/v8-m.main+fp/hard\libc_nano.a(lib_a-nano-vfprintf_i.o)
 .ARM.attributes
                0x00000b00       0x38 c:/siliconlabs/simplicitystudio/v5/developer/toolchains/gnu_arm/10.3_2021.10/bin/../lib/gcc/arm-none-eabi/10.3.1/../../../../arm-none-eabi/lib/thumb/v8-m.main+fp/hard\libc_nano.a(lib_a-sbrkr.o)
 .ARM.attributes
                0x00000b38       0x38 c:/siliconlabs/simplicitystudio/v5/developer/toolchains/gnu_arm/10.3_2021.10/bin/../lib/gcc/arm-none-eabi/10.3.1/../../../../arm-none-eabi/lib/thumb/v8-m.main+fp/hard\libc_nano.a(lib_a-stdio.o)
 .ARM.attributes
                0x00000b70       0x38 c:/siliconlabs/simplicitystudio/v5/developer/toolchains/gnu_arm/10.3_2021.10/bin/../lib/gcc/arm-none-eabi/10.3.1/../../../../arm-none-eabi/lib/thumb/v8-m.main+fp/hard\libc_nano.a(lib_a-wbuf.o)
 .ARM.attributes
                0x00000ba8       0x38 c:/siliconlabs/simplicitystudio/v5/developer/toolchains/gnu_arm/10.3_2021.10/bin/../lib/gcc/arm-none-eabi/10.3.1/../../../../arm-none-eabi/lib/thumb/v8-m.main+fp/hard\libc_nano.a(lib_a-writer.o)
 .ARM.attributes
                0x00000be0       0x38 c:/siliconlabs/simplicitystudio/v5/developer/toolchains/gnu_arm/10.3_2021.10/bin/../lib/gcc/arm-none-eabi/10.3.1/../../../../arm-none-eabi/lib/thumb/v8-m.main+fp/hard\libc_nano.a(lib_a-wsetup.o)
 .ARM.attributes
                0x00000c18       0x38 c:/siliconlabs/simplicitystudio/v5/developer/toolchains/gnu_arm/10.3_2021.10/bin/../lib/gcc/arm-none-eabi/10.3.1/../../../../arm-none-eabi/lib/thumb/v8-m.main+fp/hard\libc_nano.a(lib_a-closer.o)
 .ARM.attributes
                0x00000c50       0x38 c:/siliconlabs/simplicitystudio/v5/developer/toolchains/gnu_arm/10.3_2021.10/bin/../lib/gcc/arm-none-eabi/10.3.1/../../../../arm-none-eabi/lib/thumb/v8-m.main+fp/hard\libc_nano.a(lib_a-fstatr.o)
 .ARM.attributes
                0x00000c88       0x38 c:/siliconlabs/simplicitystudio/v5/developer/toolchains/gnu_arm/10.3_2021.10/bin/../lib/gcc/arm-none-eabi/10.3.1/../../../../arm-none-eabi/lib/thumb/v8-m.main+fp/hard\libc_nano.a(lib_a-isattyr.o)
 .ARM.attributes
                0x00000cc0       0x38 c:/siliconlabs/simplicitystudio/v5/developer/toolchains/gnu_arm/10.3_2021.10/bin/../lib/gcc/arm-none-eabi/10.3.1/../../../../arm-none-eabi/lib/thumb/v8-m.main+fp/hard\libc_nano.a(lib_a-lseekr.o)
 .ARM.attributes
                0x00000cf8       0x38 c:/siliconlabs/simplicitystudio/v5/developer/toolchains/gnu_arm/10.3_2021.10/bin/../lib/gcc/arm-none-eabi/10.3.1/../../../../arm-none-eabi/lib/thumb/v8-m.main+fp/hard\libc_nano.a(lib_a-memchr-stub.o)
 .ARM.attributes
                0x00000d30       0x38 c:/siliconlabs/simplicitystudio/v5/developer/toolchains/gnu_arm/10.3_2021.10/bin/../lib/gcc/arm-none-eabi/10.3.1/../../../../arm-none-eabi/lib/thumb/v8-m.main+fp/hard\libc_nano.a(lib_a-mlock.o)
 .ARM.attributes
                0x00000d68       0x38 c:/siliconlabs/simplicitystudio/v5/developer/toolchains/gnu_arm/10.3_2021.10/bin/../lib/gcc/arm-none-eabi/10.3.1/../../../../arm-none-eabi/lib/thumb/v8-m.main+fp/hard\libc_nano.a(lib_a-readr.o)
 .ARM.attributes
                0x00000da0       0x38 c:/siliconlabs/simplicitystudio/v5/developer/toolchains/gnu_arm/10.3_2021.10/bin/../lib/gcc/arm-none-eabi/10.3.1/../../../../arm-none-eabi/lib/thumb/v8-m.main+fp/hard\libc_nano.a(lib_a-reent.o)
 .ARM.attributes
                0x00000dd8       0x22 c:/siliconlabs/simplicitystudio/v5/developer/toolchains/gnu_arm/10.3_2021.10/bin/../lib/gcc/arm-none-eabi/10.3.1/thumb/v8-m.main+fp/hard/crtn.o

.comment        0x00000000       0x49
 .comment       0x00000000       0x49 ./app.o
                                 0x4a (size before relaxing)
 .comment       0x00000049       0x4a ./main.o
 .comment       0x00000049       0x4a ./autogen/sl_board_default_init.o
 .comment       0x00000049       0x4a ./autogen/sl_device_init_clocks.o
 .comment       0x00000049       0x4a ./autogen/sl_event_handler.o
 .comment       0x00000049       0x4a ./autogen/sl_iostream_init_usart_instances.o
 .comment       0x00000049       0x4a ./gecko_sdk_4.1.0/app/common/util/app_log/app_log.o
 .comment       0x00000049       0x4a ./gecko_sdk_4.1.0/hardware/board/src/sl_board_control_gpio.o
 .comment       0x00000049       0x4a ./gecko_sdk_4.1.0/hardware/board/src/sl_board_init.o
 .comment       0x00000049       0x4a ./gecko_sdk_4.1.0/platform/Device/SiliconLabs/BGM22/Source/startup_bgm22.o
 .comment       0x00000049       0x4a ./gecko_sdk_4.1.0/platform/Device/SiliconLabs/BGM22/Source/system_bgm22.o
 .comment       0x00000049       0x4a ./gecko_sdk_4.1.0/platform/common/src/sl_assert.o
 .comment       0x00000049       0x4a ./gecko_sdk_4.1.0/platform/common/toolchain/src/sl_memory.o
 .comment       0x00000049       0x4a ./gecko_sdk_4.1.0/platform/emlib/src/em_cmu.o
 .comment       0x00000049       0x4a ./gecko_sdk_4.1.0/platform/emlib/src/em_core.o
 .comment       0x00000049       0x4a ./gecko_sdk_4.1.0/platform/emlib/src/em_emu.o
 .comment       0x00000049       0x4a ./gecko_sdk_4.1.0/platform/emlib/src/em_gpio.o
 .comment       0x00000049       0x4a ./gecko_sdk_4.1.0/platform/emlib/src/em_timer.o
 .comment       0x00000049       0x4a ./gecko_sdk_4.1.0/platform/emlib/src/em_usart.o
 .comment       0x00000049       0x4a ./gecko_sdk_4.1.0/platform/service/device_init/src/sl_device_init_dcdc_s2.o
 .comment       0x00000049       0x4a ./gecko_sdk_4.1.0/platform/service/device_init/src/sl_device_init_emu_s2.o
 .comment       0x00000049       0x4a ./gecko_sdk_4.1.0/platform/service/device_init/src/sl_device_init_hfxo_s2.o
 .comment       0x00000049       0x4a ./gecko_sdk_4.1.0/platform/service/device_init/src/sl_device_init_lfxo_s2.o
 .comment       0x00000049       0x4a ./gecko_sdk_4.1.0/platform/service/device_init/src/sl_device_init_nvic.o
 .comment       0x00000049       0x4a ./gecko_sdk_4.1.0/platform/service/iostream/src/sl_iostream.o
 .comment       0x00000049       0x4a ./gecko_sdk_4.1.0/platform/service/iostream/src/sl_iostream_retarget_stdio.o
 .comment       0x00000049       0x4a ./gecko_sdk_4.1.0/platform/service/iostream/src/sl_iostream_stdlib_config.o
 .comment       0x00000049       0x4a ./gecko_sdk_4.1.0/platform/service/iostream/src/sl_iostream_uart.o
 .comment       0x00000049       0x4a ./gecko_sdk_4.1.0/platform/service/iostream/src/sl_iostream_usart.o
 .comment       0x00000049       0x4a ./gecko_sdk_4.1.0/platform/service/system/src/sl_system_init.o
 .comment       0x00000049       0x4a ./gecko_sdk_4.1.0/platform/service/system/src/sl_system_process_action.o

.debug_info     0x00000000    0x24853
 .debug_info    0x00000000     0x2f96 ./app.o
 .debug_info    0x00002f96       0xb1 ./main.o
 .debug_info    0x00003047       0x8a ./autogen/sl_board_default_init.o
 .debug_info    0x000030d1      0x390 ./autogen/sl_device_init_clocks.o
 .debug_info    0x00003461     0x12eb ./autogen/sl_event_handler.o
 .debug_info    0x0000474c     0x14a2 ./autogen/sl_iostream_init_usart_instances.o
 .debug_info    0x00005bee      0x5ba ./gecko_sdk_4.1.0/app/common/util/app_log/app_log.o
 .debug_info    0x000061a8      0x3a5 ./gecko_sdk_4.1.0/hardware/board/src/sl_board_control_gpio.o
 .debug_info    0x0000654d      0x282 ./gecko_sdk_4.1.0/hardware/board/src/sl_board_init.o
 .debug_info    0x000067cf      0x32b ./gecko_sdk_4.1.0/platform/Device/SiliconLabs/BGM22/Source/startup_bgm22.o
 .debug_info    0x00006afa     0x1fc4 ./gecko_sdk_4.1.0/platform/Device/SiliconLabs/BGM22/Source/system_bgm22.o
 .debug_info    0x00008abe       0x8a ./gecko_sdk_4.1.0/platform/common/src/sl_assert.o
 .debug_info    0x00008b48      0x209 ./gecko_sdk_4.1.0/platform/common/toolchain/src/sl_memory.o
 .debug_info    0x00008d51     0x7295 ./gecko_sdk_4.1.0/platform/emlib/src/em_cmu.o
 .debug_info    0x0000ffe6     0x13a0 ./gecko_sdk_4.1.0/platform/emlib/src/em_core.o
 .debug_info    0x00011386     0x39e7 ./gecko_sdk_4.1.0/platform/emlib/src/em_emu.o
 .debug_info    0x00014d6d     0x2189 ./gecko_sdk_4.1.0/platform/emlib/src/em_gpio.o
 .debug_info    0x00016ef6     0x2995 ./gecko_sdk_4.1.0/platform/emlib/src/em_timer.o
 .debug_info    0x0001988b     0x4039 ./gecko_sdk_4.1.0/platform/emlib/src/em_usart.o
 .debug_info    0x0001d8c4      0x2ad ./gecko_sdk_4.1.0/platform/service/device_init/src/sl_device_init_dcdc_s2.o
 .debug_info    0x0001db71      0x9ab ./gecko_sdk_4.1.0/platform/service/device_init/src/sl_device_init_emu_s2.o
 .debug_info    0x0001e51c      0x844 ./gecko_sdk_4.1.0/platform/service/device_init/src/sl_device_init_hfxo_s2.o
 .debug_info    0x0001ed60      0x275 ./gecko_sdk_4.1.0/platform/service/device_init/src/sl_device_init_lfxo_s2.o
 .debug_info    0x0001efd5      0x80b ./gecko_sdk_4.1.0/platform/service/device_init/src/sl_device_init_nvic.o
 .debug_info    0x0001f7e0      0x565 ./gecko_sdk_4.1.0/platform/service/iostream/src/sl_iostream.o
 .debug_info    0x0001fd45      0x5bb ./gecko_sdk_4.1.0/platform/service/iostream/src/sl_iostream_retarget_stdio.o
 .debug_info    0x00020300      0xa25 ./gecko_sdk_4.1.0/platform/service/iostream/src/sl_iostream_stdlib_config.o
 .debug_info    0x00020d25     0x10cc ./gecko_sdk_4.1.0/platform/service/iostream/src/sl_iostream_uart.o
 .debug_info    0x00021df1     0x28fd ./gecko_sdk_4.1.0/platform/service/iostream/src/sl_iostream_usart.o
 .debug_info    0x000246ee       0xbe ./gecko_sdk_4.1.0/platform/service/system/src/sl_system_init.o
 .debug_info    0x000247ac       0xa7 ./gecko_sdk_4.1.0/platform/service/system/src/sl_system_process_action.o

.debug_abbrev   0x00000000     0x3f66
 .debug_abbrev  0x00000000      0x337 ./app.o
 .debug_abbrev  0x00000337       0x61 ./main.o
 .debug_abbrev  0x00000398       0x49 ./autogen/sl_board_default_init.o
 .debug_abbrev  0x000003e1       0xca ./autogen/sl_device_init_clocks.o
 .debug_abbrev  0x000004ab      0x1cd ./autogen/sl_event_handler.o
 .debug_abbrev  0x00000678      0x230 ./autogen/sl_iostream_init_usart_instances.o
 .debug_abbrev  0x000008a8      0x285 ./gecko_sdk_4.1.0/app/common/util/app_log/app_log.o
 .debug_abbrev  0x00000b2d      0x170 ./gecko_sdk_4.1.0/hardware/board/src/sl_board_control_gpio.o
 .debug_abbrev  0x00000c9d       0xeb ./gecko_sdk_4.1.0/hardware/board/src/sl_board_init.o
 .debug_abbrev  0x00000d88      0x1cc ./gecko_sdk_4.1.0/platform/Device/SiliconLabs/BGM22/Source/startup_bgm22.o
 .debug_abbrev  0x00000f54      0x328 ./gecko_sdk_4.1.0/platform/Device/SiliconLabs/BGM22/Source/system_bgm22.o
 .debug_abbrev  0x0000127c       0x6f ./gecko_sdk_4.1.0/platform/common/src/sl_assert.o
 .debug_abbrev  0x000012eb      0x121 ./gecko_sdk_4.1.0/platform/common/toolchain/src/sl_memory.o
 .debug_abbrev  0x0000140c      0x53b ./gecko_sdk_4.1.0/platform/emlib/src/em_cmu.o
 .debug_abbrev  0x00001947      0x31b ./gecko_sdk_4.1.0/platform/emlib/src/em_core.o
 .debug_abbrev  0x00001c62      0x4e5 ./gecko_sdk_4.1.0/platform/emlib/src/em_emu.o
 .debug_abbrev  0x00002147      0x32b ./gecko_sdk_4.1.0/platform/emlib/src/em_gpio.o
 .debug_abbrev  0x00002472      0x34a ./gecko_sdk_4.1.0/platform/emlib/src/em_timer.o
 .debug_abbrev  0x000027bc      0x339 ./gecko_sdk_4.1.0/platform/emlib/src/em_usart.o
 .debug_abbrev  0x00002af5       0xe3 ./gecko_sdk_4.1.0/platform/service/device_init/src/sl_device_init_dcdc_s2.o
 .debug_abbrev  0x00002bd8      0x13d ./gecko_sdk_4.1.0/platform/service/device_init/src/sl_device_init_emu_s2.o
 .debug_abbrev  0x00002d15      0x174 ./gecko_sdk_4.1.0/platform/service/device_init/src/sl_device_init_hfxo_s2.o
 .debug_abbrev  0x00002e89       0xf2 ./gecko_sdk_4.1.0/platform/service/device_init/src/sl_device_init_lfxo_s2.o
 .debug_abbrev  0x00002f7b      0x147 ./gecko_sdk_4.1.0/platform/service/device_init/src/sl_device_init_nvic.o
 .debug_abbrev  0x000030c2      0x23a ./gecko_sdk_4.1.0/platform/service/iostream/src/sl_iostream.o
 .debug_abbrev  0x000032fc      0x19b ./gecko_sdk_4.1.0/platform/service/iostream/src/sl_iostream_retarget_stdio.o
 .debug_abbrev  0x00003497      0x1cf ./gecko_sdk_4.1.0/platform/service/iostream/src/sl_iostream_stdlib_config.o
 .debug_abbrev  0x00003666      0x4d1 ./gecko_sdk_4.1.0/platform/service/iostream/src/sl_iostream_uart.o
 .debug_abbrev  0x00003b37      0x36b ./gecko_sdk_4.1.0/platform/service/iostream/src/sl_iostream_usart.o
 .debug_abbrev  0x00003ea2       0x62 ./gecko_sdk_4.1.0/platform/service/system/src/sl_system_init.o
 .debug_abbrev  0x00003f04       0x62 ./gecko_sdk_4.1.0/platform/service/system/src/sl_system_process_action.o

.debug_loc      0x00000000     0x7fe5
 .debug_loc     0x00000000      0x228 ./app.o
 .debug_loc     0x00000228       0x20 ./main.o
 .debug_loc     0x00000248       0x20 ./autogen/sl_device_init_clocks.o
 .debug_loc     0x00000268       0x75 ./autogen/sl_event_handler.o
 .debug_loc     0x000002dd       0x68 ./autogen/sl_iostream_init_usart_instances.o
 .debug_loc     0x00000345      0x29f ./gecko_sdk_4.1.0/app/common/util/app_log/app_log.o
 .debug_loc     0x000005e4      0x20a ./gecko_sdk_4.1.0/hardware/board/src/sl_board_control_gpio.o
 .debug_loc     0x000007ee       0x2c ./gecko_sdk_4.1.0/hardware/board/src/sl_board_init.o
 .debug_loc     0x0000081a       0x8e ./gecko_sdk_4.1.0/platform/Device/SiliconLabs/BGM22/Source/startup_bgm22.o
 .debug_loc     0x000008a8      0x111 ./gecko_sdk_4.1.0/platform/Device/SiliconLabs/BGM22/Source/system_bgm22.o
 .debug_loc     0x000009b9       0x2a ./gecko_sdk_4.1.0/platform/common/src/sl_assert.o
 .debug_loc     0x000009e3       0x9c ./gecko_sdk_4.1.0/platform/common/toolchain/src/sl_memory.o
 .debug_loc     0x00000a7f     0x31a2 ./gecko_sdk_4.1.0/platform/emlib/src/em_cmu.o
 .debug_loc     0x00003c21      0x8d6 ./gecko_sdk_4.1.0/platform/emlib/src/em_core.o
 .debug_loc     0x000044f7      0x79e ./gecko_sdk_4.1.0/platform/emlib/src/em_emu.o
 .debug_loc     0x00004c95      0xb55 ./gecko_sdk_4.1.0/platform/emlib/src/em_gpio.o
 .debug_loc     0x000057ea      0x601 ./gecko_sdk_4.1.0/platform/emlib/src/em_timer.o
 .debug_loc     0x00005deb      0xa2e ./gecko_sdk_4.1.0/platform/emlib/src/em_usart.o
 .debug_loc     0x00006819       0x2c ./gecko_sdk_4.1.0/platform/service/device_init/src/sl_device_init_dcdc_s2.o
 .debug_loc     0x00006845       0x2c ./gecko_sdk_4.1.0/platform/service/device_init/src/sl_device_init_emu_s2.o
 .debug_loc     0x00006871       0xba ./gecko_sdk_4.1.0/platform/service/device_init/src/sl_device_init_hfxo_s2.o
 .debug_loc     0x0000692b       0x38 ./gecko_sdk_4.1.0/platform/service/device_init/src/sl_device_init_lfxo_s2.o
 .debug_loc     0x00006963       0x6f ./gecko_sdk_4.1.0/platform/service/device_init/src/sl_device_init_nvic.o
 .debug_loc     0x000069d2      0x58d ./gecko_sdk_4.1.0/platform/service/iostream/src/sl_iostream.o
 .debug_loc     0x00006f5f      0x217 ./gecko_sdk_4.1.0/platform/service/iostream/src/sl_iostream_retarget_stdio.o
 .debug_loc     0x00007176      0x9bf ./gecko_sdk_4.1.0/platform/service/iostream/src/sl_iostream_uart.o
 .debug_loc     0x00007b35      0x458 ./gecko_sdk_4.1.0/platform/service/iostream/src/sl_iostream_usart.o
 .debug_loc     0x00007f8d       0x2c ./gecko_sdk_4.1.0/platform/service/system/src/sl_system_init.o
 .debug_loc     0x00007fb9       0x2c ./gecko_sdk_4.1.0/platform/service/system/src/sl_system_process_action.o

.debug_aranges  0x00000000      0xa18
 .debug_aranges
                0x00000000       0x50 ./app.o
 .debug_aranges
                0x00000050       0x20 ./main.o
 .debug_aranges
                0x00000070       0x20 ./autogen/sl_board_default_init.o
 .debug_aranges
                0x00000090       0x20 ./autogen/sl_device_init_clocks.o
 .debug_aranges
                0x000000b0       0x40 ./autogen/sl_event_handler.o
 .debug_aranges
                0x000000f0       0x30 ./autogen/sl_iostream_init_usart_instances.o
 .debug_aranges
                0x00000120       0x88 ./gecko_sdk_4.1.0/app/common/util/app_log/app_log.o
 .debug_aranges
                0x000001a8       0x58 ./gecko_sdk_4.1.0/hardware/board/src/sl_board_control_gpio.o
 .debug_aranges
                0x00000200       0x28 ./gecko_sdk_4.1.0/hardware/board/src/sl_board_init.o
 .debug_aranges
                0x00000228       0x28 ./gecko_sdk_4.1.0/platform/Device/SiliconLabs/BGM22/Source/startup_bgm22.o
 .debug_aranges
                0x00000250       0x88 ./gecko_sdk_4.1.0/platform/Device/SiliconLabs/BGM22/Source/system_bgm22.o
 .debug_aranges
                0x000002d8       0x20 ./gecko_sdk_4.1.0/platform/common/src/sl_assert.o
 .debug_aranges
                0x000002f8       0x30 ./gecko_sdk_4.1.0/platform/common/toolchain/src/sl_memory.o
 .debug_aranges
                0x00000328      0x150 ./gecko_sdk_4.1.0/platform/emlib/src/em_cmu.o
 .debug_aranges
                0x00000478       0xe8 ./gecko_sdk_4.1.0/platform/emlib/src/em_core.o
 .debug_aranges
                0x00000560       0xf8 ./gecko_sdk_4.1.0/platform/emlib/src/em_emu.o
 .debug_aranges
                0x00000658       0x68 ./gecko_sdk_4.1.0/platform/emlib/src/em_gpio.o
 .debug_aranges
                0x000006c0       0x50 ./gecko_sdk_4.1.0/platform/emlib/src/em_timer.o
 .debug_aranges
                0x00000710       0xb8 ./gecko_sdk_4.1.0/platform/emlib/src/em_usart.o
 .debug_aranges
                0x000007c8       0x20 ./gecko_sdk_4.1.0/platform/service/device_init/src/sl_device_init_dcdc_s2.o
 .debug_aranges
                0x000007e8       0x20 ./gecko_sdk_4.1.0/platform/service/device_init/src/sl_device_init_emu_s2.o
 .debug_aranges
                0x00000808       0x20 ./gecko_sdk_4.1.0/platform/service/device_init/src/sl_device_init_hfxo_s2.o
 .debug_aranges
                0x00000828       0x20 ./gecko_sdk_4.1.0/platform/service/device_init/src/sl_device_init_lfxo_s2.o
 .debug_aranges
                0x00000848       0x20 ./gecko_sdk_4.1.0/platform/service/device_init/src/sl_device_init_nvic.o
 .debug_aranges
                0x00000868       0x50 ./gecko_sdk_4.1.0/platform/service/iostream/src/sl_iostream.o
 .debug_aranges
                0x000008b8       0x60 ./gecko_sdk_4.1.0/platform/service/iostream/src/sl_iostream_retarget_stdio.o
 .debug_aranges
                0x00000918       0x20 ./gecko_sdk_4.1.0/platform/service/iostream/src/sl_iostream_stdlib_config.o
 .debug_aranges
                0x00000938       0x60 ./gecko_sdk_4.1.0/platform/service/iostream/src/sl_iostream_uart.o
 .debug_aranges
                0x00000998       0x40 ./gecko_sdk_4.1.0/platform/service/iostream/src/sl_iostream_usart.o
 .debug_aranges
                0x000009d8       0x20 ./gecko_sdk_4.1.0/platform/service/system/src/sl_system_init.o
 .debug_aranges
                0x000009f8       0x20 ./gecko_sdk_4.1.0/platform/service/system/src/sl_system_process_action.o

.debug_ranges   0x00000000      0xe78
 .debug_ranges  0x00000000       0xb0 ./app.o
 .debug_ranges  0x000000b0       0x10 ./main.o
 .debug_ranges  0x000000c0       0x10 ./autogen/sl_board_default_init.o
 .debug_ranges  0x000000d0       0x10 ./autogen/sl_device_init_clocks.o
 .debug_ranges  0x000000e0       0x78 ./autogen/sl_event_handler.o
 .debug_ranges  0x00000158       0x20 ./autogen/sl_iostream_init_usart_instances.o
 .debug_ranges  0x00000178       0xa0 ./gecko_sdk_4.1.0/app/common/util/app_log/app_log.o
 .debug_ranges  0x00000218       0x48 ./gecko_sdk_4.1.0/hardware/board/src/sl_board_control_gpio.o
 .debug_ranges  0x00000260       0x18 ./gecko_sdk_4.1.0/hardware/board/src/sl_board_init.o
 .debug_ranges  0x00000278       0x80 ./gecko_sdk_4.1.0/platform/Device/SiliconLabs/BGM22/Source/startup_bgm22.o
 .debug_ranges  0x000002f8       0x90 ./gecko_sdk_4.1.0/platform/Device/SiliconLabs/BGM22/Source/system_bgm22.o
 .debug_ranges  0x00000388       0x10 ./gecko_sdk_4.1.0/platform/common/src/sl_assert.o
 .debug_ranges  0x00000398       0x20 ./gecko_sdk_4.1.0/platform/common/toolchain/src/sl_memory.o
 .debug_ranges  0x000003b8      0x288 ./gecko_sdk_4.1.0/platform/emlib/src/em_cmu.o
 .debug_ranges  0x00000640      0x1a0 ./gecko_sdk_4.1.0/platform/emlib/src/em_core.o
 .debug_ranges  0x000007e0      0x270 ./gecko_sdk_4.1.0/platform/emlib/src/em_emu.o
 .debug_ranges  0x00000a50       0x70 ./gecko_sdk_4.1.0/platform/emlib/src/em_gpio.o
 .debug_ranges  0x00000ac0       0x60 ./gecko_sdk_4.1.0/platform/emlib/src/em_timer.o
 .debug_ranges  0x00000b20      0x108 ./gecko_sdk_4.1.0/platform/emlib/src/em_usart.o
 .debug_ranges  0x00000c28       0x10 ./gecko_sdk_4.1.0/platform/service/device_init/src/sl_device_init_dcdc_s2.o
 .debug_ranges  0x00000c38       0x10 ./gecko_sdk_4.1.0/platform/service/device_init/src/sl_device_init_emu_s2.o
 .debug_ranges  0x00000c48       0x10 ./gecko_sdk_4.1.0/platform/service/device_init/src/sl_device_init_hfxo_s2.o
 .debug_ranges  0x00000c58       0x10 ./gecko_sdk_4.1.0/platform/service/device_init/src/sl_device_init_lfxo_s2.o
 .debug_ranges  0x00000c68       0x58 ./gecko_sdk_4.1.0/platform/service/device_init/src/sl_device_init_nvic.o
 .debug_ranges  0x00000cc0       0x40 ./gecko_sdk_4.1.0/platform/service/iostream/src/sl_iostream.o
 .debug_ranges  0x00000d00       0x50 ./gecko_sdk_4.1.0/platform/service/iostream/src/sl_iostream_retarget_stdio.o
 .debug_ranges  0x00000d50       0x10 ./gecko_sdk_4.1.0/platform/service/iostream/src/sl_iostream_stdlib_config.o
 .debug_ranges  0x00000d60       0x98 ./gecko_sdk_4.1.0/platform/service/iostream/src/sl_iostream_uart.o
 .debug_ranges  0x00000df8       0x60 ./gecko_sdk_4.1.0/platform/service/iostream/src/sl_iostream_usart.o
 .debug_ranges  0x00000e58       0x10 ./gecko_sdk_4.1.0/platform/service/system/src/sl_system_init.o
 .debug_ranges  0x00000e68       0x10 ./gecko_sdk_4.1.0/platform/service/system/src/sl_system_process_action.o

.debug_macro    0x00000000    0x2623d
 .debug_macro   0x00000000      0x36e ./app.o
 .debug_macro   0x0000036e      0xa8a ./app.o
 .debug_macro   0x00000df8       0x10 ./app.o
 .debug_macro   0x00000e08      0x742 ./app.o
 .debug_macro   0x0000154a       0x22 ./app.o
 .debug_macro   0x0000156c       0x56 ./app.o
 .debug_macro   0x000015c2       0x51 ./app.o
 .debug_macro   0x00001613      0x103 ./app.o
 .debug_macro   0x00001716       0x6a ./app.o
 .debug_macro   0x00001780      0x1df ./app.o
 .debug_macro   0x0000195f       0x1c ./app.o
 .debug_macro   0x0000197b       0x29 ./app.o
 .debug_macro   0x000019a4      0x110 ./app.o
 .debug_macro   0x00001ab4     0x17ea ./app.o
 .debug_macro   0x0000329e       0x5e ./app.o
 .debug_macro   0x000032fc       0x16 ./app.o
 .debug_macro   0x00003312      0xe4f ./app.o
 .debug_macro   0x00004161     0x12bd ./app.o
 .debug_macro   0x0000541e      0x87c ./app.o
 .debug_macro   0x00005c9a      0x300 ./app.o
 .debug_macro   0x00005f9a       0x34 ./app.o
 .debug_macro   0x00005fce      0x304 ./app.o
 .debug_macro   0x000062d2      0x456 ./app.o
 .debug_macro   0x00006728      0x4a1 ./app.o
 .debug_macro   0x00006bc9      0x156 ./app.o
 .debug_macro   0x00006d1f      0x764 ./app.o
 .debug_macro   0x00007483      0x363 ./app.o
 .debug_macro   0x000077e6     0x14f4 ./app.o
 .debug_macro   0x00008cda       0x10 ./app.o
 .debug_macro   0x00008cea      0x997 ./app.o
 .debug_macro   0x00009681     0x2b9a ./app.o
 .debug_macro   0x0000c21b      0xcb2 ./app.o
 .debug_macro   0x0000cecd       0x4c ./app.o
 .debug_macro   0x0000cf19     0x15b8 ./app.o
 .debug_macro   0x0000e4d1     0x210a ./app.o
 .debug_macro   0x000105db      0x53c ./app.o
 .debug_macro   0x00010b17      0xfe5 ./app.o
 .debug_macro   0x00011afc      0x955 ./app.o
 .debug_macro   0x00012451       0x34 ./app.o
 .debug_macro   0x00012485      0x308 ./app.o
 .debug_macro   0x0001278d      0x6a7 ./app.o
 .debug_macro   0x00012e34      0x618 ./app.o
 .debug_macro   0x0001344c      0x91e ./app.o
 .debug_macro   0x00013d6a     0x1b1b ./app.o
 .debug_macro   0x00015885      0x76b ./app.o
 .debug_macro   0x00015ff0      0x8f3 ./app.o
 .debug_macro   0x000168e3     0x14b5 ./app.o
 .debug_macro   0x00017d98      0x688 ./app.o
 .debug_macro   0x00018420      0x464 ./app.o
 .debug_macro   0x00018884     0x141b ./app.o